// Jest Snapshot v1, https://goo.gl/fbAQLP

exports[`Test in <RevisitForm /> component should to match snapshot 1`] = `
<View
  style={
    Object {
      "alignItems": "center",
      "flex": 1,
      "justifyContent": "center",
      "paddingBottom": 40,
      "paddingTop": 30,
    }
  }
>
  <View
    style={
      Object {
        "display": "flex",
        "padding": 10,
        "width": 675,
      }
    }
  >
    <Text
      style={
        Array [
          Object {
            "color": "#FFFFFF",
            "fontSize": 18,
            "marginBottom": 5,
            "padding": 5,
          },
          undefined,
        ]
      }
      testID="form-field-label"
    >
      Nombre de la persona:
    </Text>
    <View
      style={
        Object {
          "borderColor": "transparent",
          "borderRadius": 7,
          "borderWidth": 1,
        }
      }
    >
      <View
        style={
          Object {
            "borderColor": "#FFFFFF",
            "borderRadius": 5,
            "borderWidth": 0.5,
          }
        }
      >
        <View
          style={
            Array [
              Object {
                "alignItems": "center",
                "borderColor": "transparent",
                "borderRadius": 5,
                "borderWidth": 1.5,
                "flexDirection": "row",
                "paddingRight": 10,
              },
              undefined,
            ]
          }
        >
          <TextInput
            autoCorrect={false}
            cursorColor="#C0A7E1"
            onBlur={[Function]}
            onChangeText={[Function]}
            onFocus={[Function]}
            onSelectionChange={[Function]}
            placeholder="Ingrese el nombre"
            placeholderTextColor="#BFBFBF"
            selection={
              Object {
                "end": 0,
                "start": 0,
              }
            }
            selectionColor="#A0B9E2"
            style={
              Array [
                Object {
                  "color": "#FFFFFF",
                  "flex": 1,
                  "fontSize": 17,
                  "paddingLeft": 10,
                  "paddingRight": 5,
                  "textAlignVertical": "center",
                },
                undefined,
              ]
            }
            testID="form-field-text-input"
            value=""
          />
          <Text
            allowFontScaling={false}
            selectable={false}
            style={
              Array [
                Object {
                  "color": "#BFBFBF",
                  "fontSize": 25,
                },
                undefined,
                Object {
                  "fontFamily": "Ionicons",
                  "fontStyle": "normal",
                  "fontWeight": "normal",
                },
                Object {},
              ]
            }
          >
            
          </Text>
        </View>
      </View>
    </View>
  </View>
  <View
    style={
      Object {
        "display": "flex",
        "padding": 10,
        "width": 675,
      }
    }
  >
    <Text
      style={
        Array [
          Object {
            "color": "#FFFFFF",
            "fontSize": 18,
            "marginBottom": 5,
            "padding": 5,
          },
          undefined,
        ]
      }
      testID="form-field-label"
    >
      Información de la persona:
    </Text>
    <View
      style={
        Object {
          "borderColor": "transparent",
          "borderRadius": 7,
          "borderWidth": 1,
        }
      }
    >
      <View
        style={
          Object {
            "borderColor": "#FFFFFF",
            "borderRadius": 5,
            "borderWidth": 0.5,
          }
        }
      >
        <View
          style={
            Array [
              Object {
                "alignItems": "center",
                "borderColor": "transparent",
                "borderRadius": 5,
                "borderWidth": 1.5,
                "flexDirection": "row",
                "paddingRight": 10,
              },
              undefined,
            ]
          }
        >
          <TextInput
            autoCorrect={false}
            cursorColor="#C0A7E1"
            multiline={true}
            numberOfLines={10}
            onBlur={[Function]}
            onChangeText={[Function]}
            onFocus={[Function]}
            onSelectionChange={[Function]}
            placeholder="Ingrese datos sobre la persona, tema de conversación, aspectos importantes, etc..."
            placeholderTextColor="#BFBFBF"
            selection={
              Object {
                "end": 0,
                "start": 0,
              }
            }
            selectionColor="#A0B9E2"
            style={
              Array [
                Object {
                  "color": "#FFFFFF",
                  "flex": 1,
                  "fontSize": 17,
                  "paddingLeft": 10,
                  "paddingRight": 5,
                  "textAlignVertical": "top",
                },
                undefined,
              ]
            }
            testID="form-field-text-input"
            value=""
          />
        </View>
      </View>
    </View>
  </View>
  <View
    style={
      Object {
        "display": "flex",
        "padding": 10,
        "width": 675,
      }
    }
  >
    <Text
      style={
        Array [
          Object {
            "color": "#FFFFFF",
            "fontSize": 18,
            "marginBottom": 5,
            "padding": 5,
          },
          undefined,
        ]
      }
      testID="form-field-label"
    >
      Dirección:
    </Text>
    <View
      style={
        Object {
          "borderColor": "transparent",
          "borderRadius": 7,
          "borderWidth": 1,
        }
      }
    >
      <View
        style={
          Object {
            "borderColor": "#FFFFFF",
            "borderRadius": 5,
            "borderWidth": 0.5,
          }
        }
      >
        <View
          style={
            Array [
              Object {
                "alignItems": "center",
                "borderColor": "transparent",
                "borderRadius": 5,
                "borderWidth": 1.5,
                "flexDirection": "row",
                "paddingRight": 10,
              },
              undefined,
            ]
          }
        >
          <TextInput
            autoCorrect={false}
            cursorColor="#C0A7E1"
            multiline={true}
            numberOfLines={4}
            onBlur={[Function]}
            onChangeText={[Function]}
            onFocus={[Function]}
            onSelectionChange={[Function]}
            placeholder="Ingrese la dirección"
            placeholderTextColor="#BFBFBF"
            selection={
              Object {
                "end": 0,
                "start": 0,
              }
            }
            selectionColor="#A0B9E2"
            style={
              Array [
                Object {
                  "color": "#FFFFFF",
                  "flex": 1,
                  "fontSize": 17,
                  "paddingLeft": 10,
                  "paddingRight": 5,
                  "textAlignVertical": "top",
                },
                undefined,
              ]
            }
            testID="form-field-text-input"
            value=""
          />
        </View>
      </View>
    </View>
  </View>
  <View
    style={
      Object {
        "display": "flex",
        "padding": 10,
        "width": 675,
      }
    }
  >
    <Text
      style={
        Object {
          "color": "#FFFFFF",
          "fontSize": 18,
          "marginBottom": 5,
          "padding": 5,
        }
      }
    >
      Foto
    </Text>
    <Image
      source={
        Object {
          "uri": "https://local-image.com/images.jpg",
        }
      }
      style={
        Object {
          "borderRadius": 5,
          "height": 750,
          "width": "100%",
        }
      }
    />
    <View
      style={
        Object {
          "flexDirection": "row",
          "justifyContent": "space-around",
          "marginTop": 20,
        }
      }
    >
      <View
        accessibilityState={
          Object {
            "disabled": false,
          }
        }
        accessible={true}
        collapsable={false}
        focusable={true}
        onBlur={[Function]}
        onClick={[Function]}
        onFocus={[Function]}
        onResponderGrant={[Function]}
        onResponderMove={[Function]}
        onResponderRelease={[Function]}
        onResponderTerminate={[Function]}
        onResponderTerminationRequest={[Function]}
        onStartShouldSetResponder={[Function]}
        style={
          Array [
            Object {
              "overflow": "hidden",
            },
            false,
            Array [
              Object {
                "backgroundColor": "#C0A7E1",
                "borderRadius": 10,
              },
              undefined,
            ],
          ]
        }
        testID="button-touchable"
      >
        <View
          style={
            Array [
              Object {
                "alignItems": "center",
                "flexDirection": "row",
                "justifyContent": "center",
                "paddingHorizontal": 20,
                "paddingVertical": 8,
              },
              undefined,
            ]
          }
        >
          <Text
            style={
              Array [
                Object {
                  "textAlign": "left",
                },
                Object {
                  "color": "rgba(28, 27, 31, 1)",
                  "fontFamily": "System",
                  "fontWeight": "400",
                  "letterSpacing": 0,
                },
                Object {
                  "writingDirection": "ltr",
                },
                Array [
                  Object {
                    "color": "#121212",
                    "fontSize": 18,
                    "fontWeight": "bold",
                    "marginBottom": 2,
                    "textAlign": "center",
                  },
                  undefined,
                ],
              ]
            }
            testID="button-text"
          >
            Galería
          </Text>
          <Text
            allowFontScaling={false}
            selectable={false}
            style={
              Array [
                Object {
                  "color": "#121212",
                  "fontSize": 25,
                },
                Object {
                  "marginLeft": 5,
                },
                Object {
                  "fontFamily": "Ionicons",
                  "fontStyle": "normal",
                  "fontWeight": "normal",
                },
                Object {},
              ]
            }
          >
            
          </Text>
        </View>
      </View>
      <View
        accessibilityState={
          Object {
            "disabled": false,
          }
        }
        accessible={true}
        collapsable={false}
        focusable={true}
        onBlur={[Function]}
        onClick={[Function]}
        onFocus={[Function]}
        onResponderGrant={[Function]}
        onResponderMove={[Function]}
        onResponderRelease={[Function]}
        onResponderTerminate={[Function]}
        onResponderTerminationRequest={[Function]}
        onStartShouldSetResponder={[Function]}
        style={
          Array [
            Object {
              "overflow": "hidden",
            },
            false,
            Array [
              Object {
                "backgroundColor": "#C0A7E1",
                "borderRadius": 10,
              },
              undefined,
            ],
          ]
        }
        testID="button-touchable"
      >
        <View
          style={
            Array [
              Object {
                "alignItems": "center",
                "flexDirection": "row",
                "justifyContent": "center",
                "paddingHorizontal": 20,
                "paddingVertical": 8,
              },
              undefined,
            ]
          }
        >
          <Text
            style={
              Array [
                Object {
                  "textAlign": "left",
                },
                Object {
                  "color": "rgba(28, 27, 31, 1)",
                  "fontFamily": "System",
                  "fontWeight": "400",
                  "letterSpacing": 0,
                },
                Object {
                  "writingDirection": "ltr",
                },
                Array [
                  Object {
                    "color": "#121212",
                    "fontSize": 18,
                    "fontWeight": "bold",
                    "marginBottom": 2,
                    "textAlign": "center",
                  },
                  undefined,
                ],
              ]
            }
            testID="button-text"
          >
            Cámara
          </Text>
          <Text
            allowFontScaling={false}
            selectable={false}
            style={
              Array [
                Object {
                  "color": "#121212",
                  "fontSize": 25,
                },
                Object {
                  "marginLeft": 5,
                },
                Object {
                  "fontFamily": "Ionicons",
                  "fontStyle": "normal",
                  "fontWeight": "normal",
                },
                Object {},
              ]
            }
          >
            
          </Text>
        </View>
      </View>
    </View>
  </View>
  <View
    style={
      Object {
        "display": "flex",
        "padding": 10,
        "width": 675,
      }
    }
  >
    <Text
      style={
        Array [
          Object {
            "color": "#FFFFFF",
            "fontSize": 18,
            "marginBottom": 5,
            "padding": 5,
          },
          undefined,
        ]
      }
      testID="datetimefield-label"
    >
      Próxima visita:
    </Text>
    <View
      style={
        Object {
          "alignItems": "center",
          "flexDirection": "row",
          "width": "100%",
        }
      }
    >
      <View
        style={
          Array [
            Object {
              "alignItems": "center",
              "borderColor": "#FFFFFF",
              "borderRadius": 5,
              "borderWidth": 0.5,
              "flex": 1,
              "flexDirection": "row",
            },
            undefined,
          ]
        }
      >
        <TextInput
          autoCorrect={false}
          editable={false}
          modalTitle="Próxima visita"
          placeholder="Seleccione el día"
          placeholderTextColor="#BFBFBF"
          selectionColor="#A0B9E2"
          style={
            Array [
              Object {
                "color": "#FFFFFF",
                "fontSize": 17,
                "paddingLeft": 10,
              },
              undefined,
            ]
          }
          testID="datetimefield-text-input"
          value="29/12/2022"
        />
      </View>
      <View
        accessibilityState={
          Object {
            "disabled": false,
          }
        }
        accessible={true}
        collapsable={false}
        focusable={true}
        onBlur={[Function]}
        onClick={[Function]}
        onFocus={[Function]}
        onResponderGrant={[Function]}
        onResponderMove={[Function]}
        onResponderRelease={[Function]}
        onResponderTerminate={[Function]}
        onResponderTerminationRequest={[Function]}
        onStartShouldSetResponder={[Function]}
        style={
          Array [
            Object {
              "overflow": "hidden",
            },
            false,
            Array [
              Object {
                "backgroundColor": "#C0A7E1",
                "borderRadius": 10,
              },
              Object {
                "marginLeft": 10,
              },
            ],
          ]
        }
        testID="button-touchable"
      >
        <View
          style={
            Array [
              Object {
                "alignItems": "center",
                "flexDirection": "row",
                "justifyContent": "center",
                "paddingHorizontal": 20,
                "paddingVertical": 8,
              },
              Object {
                "paddingHorizontal": 10,
              },
            ]
          }
        >
          <Text
            style={
              Array [
                Object {
                  "textAlign": "left",
                },
                Object {
                  "color": "rgba(28, 27, 31, 1)",
                  "fontFamily": "System",
                  "fontWeight": "400",
                  "letterSpacing": 0,
                },
                Object {
                  "writingDirection": "ltr",
                },
                Array [
                  Object {
                    "color": "#121212",
                    "fontSize": 18,
                    "fontWeight": "bold",
                    "marginBottom": 2,
                    "textAlign": "center",
                  },
                  undefined,
                ],
              ]
            }
            testID="button-text"
          />
          <Text
            allowFontScaling={false}
            selectable={false}
            style={
              Array [
                Object {
                  "color": "#121212",
                  "fontSize": 25,
                },
                undefined,
                Object {
                  "fontFamily": "Ionicons",
                  "fontStyle": "normal",
                  "fontWeight": "normal",
                },
                Object {},
              ]
            }
          >
            
          </Text>
        </View>
      </View>
    </View>
    <Modal
      animationType="none"
      hardwareAccelerated={false}
      isVisible={false}
      onHide={[Function]}
      transparent={true}
      visible={false}
    />
  </View>
  <View
    accessibilityState={
      Object {
        "disabled": false,
      }
    }
    accessible={true}
    collapsable={false}
    focusable={true}
    onBlur={[Function]}
    onClick={[Function]}
    onFocus={[Function]}
    onResponderGrant={[Function]}
    onResponderMove={[Function]}
    onResponderRelease={[Function]}
    onResponderTerminate={[Function]}
    onResponderTerminationRequest={[Function]}
    onStartShouldSetResponder={[Function]}
    style={
      Array [
        Object {
          "overflow": "hidden",
        },
        false,
        Array [
          Object {
            "backgroundColor": "#C0A7E1",
            "borderRadius": 10,
          },
          Object {
            "marginTop": 30,
          },
        ],
      ]
    }
    testID="button-touchable"
  >
    <View
      style={
        Array [
          Object {
            "alignItems": "center",
            "flexDirection": "row",
            "justifyContent": "center",
            "paddingHorizontal": 20,
            "paddingVertical": 8,
          },
          undefined,
        ]
      }
    >
      <Text
        style={
          Array [
            Object {
              "textAlign": "left",
            },
            Object {
              "color": "rgba(28, 27, 31, 1)",
              "fontFamily": "System",
              "fontWeight": "400",
              "letterSpacing": 0,
            },
            Object {
              "writingDirection": "ltr",
            },
            Array [
              Object {
                "color": "#121212",
                "fontSize": 18,
                "fontWeight": "bold",
                "marginBottom": 2,
                "textAlign": "center",
              },
              undefined,
            ],
          ]
        }
        testID="button-text"
      >
        Guardar
      </Text>
    </View>
  </View>
</View>
`;
