// Jest Snapshot v1, https://goo.gl/fbAQLP

exports[`Test in <CourseForm /> component should to match snapshot 1`] = `
<View
  style={
    {
      "alignItems": "center",
      "flex": 1,
      "justifyContent": "center",
      "paddingBottom": 40,
      "width": "100%",
    }
  }
>
  <View
    style={
      {
        "display": "flex",
        "marginBottom": 16,
        "width": "100%",
      }
    }
  >
    <Text
      style={
        [
          {
            "color": "#FFFFFF",
            "fontSize": 18,
            "marginBottom": 16,
          },
          undefined,
        ]
      }
      testID="form-field-label"
    >
      Nombre del estudiante:
    </Text>
    <View
      style={
        {
          "borderColor": "transparent",
          "borderRadius": 7,
          "borderWidth": 1,
        }
      }
    >
      <View
        style={
          {
            "borderColor": "#FFFFFF",
            "borderRadius": 5,
            "borderWidth": 0.5,
          }
        }
      >
        <View
          style={
            [
              {
                "alignItems": "center",
                "borderColor": "transparent",
                "borderRadius": 5,
                "borderWidth": 1.5,
                "flexDirection": "row",
                "paddingRight": 10,
              },
              undefined,
            ]
          }
        >
          <TextInput
            autoCorrect={false}
            cursorColor="#C0A7E1"
            onBlur={[Function]}
            onChangeText={[Function]}
            onFocus={[Function]}
            onSelectionChange={[Function]}
            placeholder="Ingrese el nombre"
            placeholderTextColor="#BFBFBF"
            selection={
              {
                "end": 0,
                "start": 0,
              }
            }
            selectionColor="#A0B9E2"
            style={
              [
                {
                  "color": "#FFFFFF",
                  "flex": 1,
                  "fontSize": 17,
                  "paddingLeft": 10,
                  "paddingRight": 5,
                  "textAlignVertical": "center",
                },
                undefined,
              ]
            }
            testID="form-field-text-input"
            value=""
          />
          <Text
            allowFontScaling={false}
            selectable={false}
            style={
              [
                {
                  "color": "#BFBFBF",
                  "fontSize": 25,
                },
                undefined,
                {
                  "fontFamily": "Ionicons",
                  "fontStyle": "normal",
                  "fontWeight": "normal",
                },
                {},
              ]
            }
          >
            
          </Text>
        </View>
      </View>
    </View>
  </View>
  <View
    style={
      {
        "display": "flex",
        "marginBottom": 16,
        "width": "100%",
      }
    }
  >
    <Text
      style={
        [
          {
            "color": "#FFFFFF",
            "fontSize": 18,
            "marginBottom": 16,
          },
          undefined,
        ]
      }
      testID="form-field-label"
    >
      Información del estudiante:
    </Text>
    <View
      style={
        {
          "borderColor": "transparent",
          "borderRadius": 7,
          "borderWidth": 1,
        }
      }
    >
      <View
        style={
          {
            "borderColor": "#FFFFFF",
            "borderRadius": 5,
            "borderWidth": 0.5,
          }
        }
      >
        <View
          style={
            [
              {
                "alignItems": "center",
                "borderColor": "transparent",
                "borderRadius": 5,
                "borderWidth": 1.5,
                "flexDirection": "row",
                "paddingRight": 10,
              },
              undefined,
            ]
          }
        >
          <TextInput
            autoCorrect={false}
            cursorColor="#C0A7E1"
            multiline={true}
            numberOfLines={10}
            onBlur={[Function]}
            onChangeText={[Function]}
            onFocus={[Function]}
            onSelectionChange={[Function]}
            placeholder="Ingrese datos sobre la persona, temas de interés, preferencias, aspectos importantes, etc..."
            placeholderTextColor="#BFBFBF"
            selection={
              {
                "end": 0,
                "start": 0,
              }
            }
            selectionColor="#A0B9E2"
            style={
              [
                {
                  "color": "#FFFFFF",
                  "flex": 1,
                  "fontSize": 17,
                  "paddingLeft": 10,
                  "paddingRight": 5,
                  "textAlignVertical": "top",
                },
                undefined,
              ]
            }
            testID="form-field-text-input"
            value=""
          />
        </View>
      </View>
    </View>
  </View>
  <View
    style={
      {
        "display": "flex",
        "marginBottom": 16,
        "width": "100%",
      }
    }
  >
    <Text
      style={
        [
          {
            "color": "#FFFFFF",
            "fontSize": 18,
            "marginBottom": 16,
          },
          undefined,
        ]
      }
      testID="form-field-label"
    >
      Dirección:
    </Text>
    <View
      style={
        {
          "borderColor": "transparent",
          "borderRadius": 7,
          "borderWidth": 1,
        }
      }
    >
      <View
        style={
          {
            "borderColor": "#FFFFFF",
            "borderRadius": 5,
            "borderWidth": 0.5,
          }
        }
      >
        <View
          style={
            [
              {
                "alignItems": "center",
                "borderColor": "transparent",
                "borderRadius": 5,
                "borderWidth": 1.5,
                "flexDirection": "row",
                "paddingRight": 10,
              },
              undefined,
            ]
          }
        >
          <TextInput
            autoCorrect={false}
            cursorColor="#C0A7E1"
            multiline={true}
            numberOfLines={4}
            onBlur={[Function]}
            onChangeText={[Function]}
            onFocus={[Function]}
            onSelectionChange={[Function]}
            placeholder="Ingrese la dirección"
            placeholderTextColor="#BFBFBF"
            selection={
              {
                "end": 0,
                "start": 0,
              }
            }
            selectionColor="#A0B9E2"
            style={
              [
                {
                  "color": "#FFFFFF",
                  "flex": 1,
                  "fontSize": 17,
                  "paddingLeft": 10,
                  "paddingRight": 5,
                  "textAlignVertical": "top",
                },
                undefined,
              ]
            }
            testID="form-field-text-input"
            value=""
          />
        </View>
      </View>
    </View>
  </View>
  <View
    style={
      {
        "display": "flex",
        "marginBottom": 40,
        "width": "100%",
      }
    }
  >
    <Text
      style={
        [
          {
            "color": "#FFFFFF",
            "fontSize": 18,
            "marginBottom": 16,
          },
          undefined,
        ]
      }
      testID="form-field-label"
    >
      Publicación de estudio:
    </Text>
    <View
      style={
        {
          "borderColor": "transparent",
          "borderRadius": 7,
          "borderWidth": 1,
        }
      }
    >
      <View
        style={
          {
            "borderColor": "#FFFFFF",
            "borderRadius": 5,
            "borderWidth": 0.5,
          }
        }
      >
        <View
          style={
            [
              {
                "alignItems": "center",
                "borderColor": "transparent",
                "borderRadius": 5,
                "borderWidth": 1.5,
                "flexDirection": "row",
                "paddingRight": 10,
              },
              undefined,
            ]
          }
        >
          <TextInput
            autoCorrect={false}
            cursorColor="#C0A7E1"
            onBlur={[Function]}
            onChangeText={[Function]}
            onFocus={[Function]}
            onSelectionChange={[Function]}
            placeholder="Ingrese la publicación"
            placeholderTextColor="#BFBFBF"
            selection={
              {
                "end": 0,
                "start": 0,
              }
            }
            selectionColor="#A0B9E2"
            style={
              [
                {
                  "color": "#FFFFFF",
                  "flex": 1,
                  "fontSize": 17,
                  "paddingLeft": 10,
                  "paddingRight": 5,
                  "textAlignVertical": "center",
                },
                undefined,
              ]
            }
            testID="form-field-text-input"
            value=""
          />
          <Text
            allowFontScaling={false}
            selectable={false}
            style={
              [
                {
                  "color": "#BFBFBF",
                  "fontSize": 25,
                },
                undefined,
                {
                  "fontFamily": "Ionicons",
                  "fontStyle": "normal",
                  "fontWeight": "normal",
                },
                {},
              ]
            }
          >
            
          </Text>
        </View>
      </View>
    </View>
  </View>
  <View
    accessibilityState={
      {
        "busy": undefined,
        "checked": undefined,
        "disabled": false,
        "expanded": undefined,
        "selected": undefined,
      }
    }
    accessibilityValue={
      {
        "max": undefined,
        "min": undefined,
        "now": undefined,
        "text": undefined,
      }
    }
    accessible={true}
    collapsable={false}
    focusable={true}
    onBlur={[Function]}
    onClick={[Function]}
    onFocus={[Function]}
    onResponderGrant={[Function]}
    onResponderMove={[Function]}
    onResponderRelease={[Function]}
    onResponderTerminate={[Function]}
    onResponderTerminationRequest={[Function]}
    onStartShouldSetResponder={[Function]}
    style={
      [
        {
          "overflow": "hidden",
        },
        [
          {
            "backgroundColor": "#C0A7E1",
            "borderRadius": 10,
          },
          undefined,
        ],
      ]
    }
    testID="button-touchable"
  >
    <View
      style={
        [
          {
            "alignItems": "center",
            "flexDirection": "row",
            "justifyContent": "center",
            "minWidth": "100%",
            "paddingHorizontal": 20,
            "paddingVertical": 9,
          },
          undefined,
        ]
      }
    >
      <Text
        style={
          [
            {
              "textAlign": "left",
            },
            {
              "color": "rgba(28, 27, 31, 1)",
              "fontFamily": "System",
              "fontWeight": "400",
              "letterSpacing": 0,
            },
            {
              "writingDirection": "ltr",
            },
            [
              {
                "color": "#121212",
                "fontSize": 18,
                "fontWeight": "bold",
                "marginBottom": 2,
                "textAlign": "center",
              },
              undefined,
            ],
          ]
        }
        testID="button-text"
      >
        Guardar
      </Text>
    </View>
  </View>
</View>
`;
