// Jest Snapshot v1, https://goo.gl/fbAQLP

exports[`Test in <LessonsList /> component should to match snapshot 1`] = `
<View
  onLayout={[Function]}
  style={
    {
      "flex": 1,
    }
  }
>
  <View
    style={
      [
        {
          "flex": 1,
        },
        undefined,
        undefined,
        undefined,
      ]
    }
  >
    <RCTScrollView
      ListEmptyComponent={
        <ListEmptyComponent
          msg="No haz agregado clases a este curso."
          showMsg={false}
        />
      }
      ListFooterComponent={
        <ListFooterComponent
          marginTopPlus={false}
          showLoader={false}
        />
      }
      ListHeaderComponent={
        <React.Fragment>
          <Title
            containerStyle={
              {
                "marginVertical": 8,
              }
            }
            text="Clases del curso con Fred Cremin"
            textStyle={
              {
                "fontSize": 24,
              }
            }
          />
          <SearchInput
            onClean={[Function]}
            onSearch={[Function]}
            refreshing={false}
            searchTerm=""
          />
        </React.Fragment>
      }
      ListHeaderComponentStyle={
        {
          "alignSelf": "flex-start",
        }
      }
      contentContainerStyle={
        {
          "alignItems": "center",
          "flexGrow": 1,
          "padding": 24,
          "paddingBottom": 100,
        }
      }
      data={
        [
          {
            "courseId": "8ea3baf8-6b47-4222-8ed1-c62d5755b9a5",
            "createdAt": "2021-01-01T00:00:00.000Z",
            "description": "Nemo et et non nesciunt ipsum sed rerum vero. Nostrum quae officiis qui nihil dignissimos consectetur aperiam. Vel harum ex. Ipsum ratione necessitatibus eum sint vero enim et consequatur. Ab autem rerum numquam ut. Laboriosam nihil est exercitationem unde aut reiciendis odit.",
            "done": false,
            "id": "0fb579e4-de87-4336-9375-76611c889f76",
            "nextLesson": "2021-01-01T00:00:00.000Z",
            "updatedAt": "2021-01-01T00:00:00.000Z",
          },
        ]
      }
      getItem={[Function]}
      getItemCount={[Function]}
      keyExtractor={[Function]}
      onContentSizeChange={[Function]}
      onEndReached={[Function]}
      onEndReachedThreshold={0.5}
      onLayout={[Function]}
      onMomentumScrollBegin={[Function]}
      onMomentumScrollEnd={[Function]}
      onRefresh={[Function]}
      onScroll={[Function]}
      onScrollBeginDrag={[Function]}
      onScrollEndDrag={[Function]}
      overScrollMode="never"
      refreshControl={
        <RefreshControlMock
          onRefresh={[Function]}
          refreshing={false}
        />
      }
      refreshing={false}
      removeClippedSubviews={false}
      renderItem={[Function]}
      scrollEventThrottle={50}
      stickyHeaderIndices={[]}
      viewabilityConfigCallbackPairs={[]}
    >
      <RCTRefreshControl />
      <View>
        <View
          collapsable={false}
          onLayout={[Function]}
          style={
            {
              "alignSelf": "flex-start",
            }
          }
        >
          <View
            style={
              [
                {
                  "alignItems": "flex-start",
                  "marginBottom": 40,
                  "width": "100%",
                },
                {
                  "marginVertical": 8,
                },
              ]
            }
          >
            <Text
              style={
                [
                  {
                    "color": "#FFFFFF",
                    "fontSize": 38,
                    "fontWeight": "bold",
                  },
                  {
                    "fontSize": 24,
                  },
                ]
              }
              testID="title-text"
            >
              Clases del curso con Fred Cremin
            </Text>
          </View>
          <View
            style={
              {
                "alignItems": "center",
                "flexDirection": "row",
                "marginBottom": 24,
                "paddingHorizontal": 8,
                "width": "100%",
              }
            }
          >
            <Text
              allowFontScaling={false}
              selectable={false}
              style={
                [
                  {
                    "color": "#BFBFBF",
                    "fontSize": 25,
                  },
                  undefined,
                  {
                    "fontFamily": "Ionicons",
                    "fontStyle": "normal",
                    "fontWeight": "normal",
                  },
                  {},
                ]
              }
            >
              
            </Text>
            <View
              style={
                {
                  "alignItems": "center",
                  "borderBottomWidth": 1,
                  "borderColor": "#BFBFBF",
                  "flex": 1,
                  "flexDirection": "row",
                }
              }
              testID="search-input-text-input-container"
            >
              <TextInput
                autoCorrect={false}
                cursorColor="#C0A7E1"
                onBlur={[Function]}
                onChangeText={[Function]}
                onFocus={[Function]}
                onSubmitEditing={[Function]}
                placeholder="Buscar"
                placeholderTextColor="#BFBFBF"
                returnKeyType="search"
                style={
                  {
                    "color": "#FFFFFF",
                    "flex": 1,
                    "fontSize": 17,
                    "paddingLeft": 10,
                  }
                }
                testID="search-input-text-input"
                value=""
              />
              <View
                accessibilityState={
                  {
                    "busy": undefined,
                    "checked": undefined,
                    "disabled": true,
                    "expanded": undefined,
                    "selected": undefined,
                  }
                }
                accessibilityValue={
                  {
                    "max": undefined,
                    "min": undefined,
                    "now": undefined,
                    "text": undefined,
                  }
                }
                accessible={true}
                centered={true}
                collapsable={false}
                focusable={true}
                onBlur={[Function]}
                onClick={[Function]}
                onFocus={[Function]}
                onResponderGrant={[Function]}
                onResponderMove={[Function]}
                onResponderRelease={[Function]}
                onResponderTerminate={[Function]}
                onResponderTerminationRequest={[Function]}
                onStartShouldSetResponder={[Function]}
                style={
                  [
                    {
                      "overflow": "hidden",
                    },
                    {
                      "alignItems": "center",
                      "borderRadius": 999,
                      "height": 40,
                      "justifyContent": "center",
                      "width": 40,
                    },
                  ]
                }
                testID="search-input-clear-btn"
              >
                <Text
                  allowFontScaling={false}
                  selectable={false}
                  style={
                    [
                      {
                        "color": "transparent",
                        "fontSize": 30,
                      },
                      undefined,
                      {
                        "fontFamily": "Ionicons",
                        "fontStyle": "normal",
                        "fontWeight": "normal",
                      },
                      {},
                    ]
                  }
                >
                  
                </Text>
              </View>
            </View>
          </View>
        </View>
        <View
          onFocusCapture={[Function]}
          onLayout={[Function]}
          style={null}
        >
          <View
            accessibilityState={
              {
                "busy": undefined,
                "checked": undefined,
                "disabled": false,
                "expanded": undefined,
                "selected": undefined,
              }
            }
            accessibilityValue={
              {
                "max": undefined,
                "min": undefined,
                "now": undefined,
                "text": undefined,
              }
            }
            accessible={true}
            collapsable={false}
            focusable={true}
            onBlur={[Function]}
            onClick={[Function]}
            onFocus={[Function]}
            onResponderGrant={[Function]}
            onResponderMove={[Function]}
            onResponderRelease={[Function]}
            onResponderTerminate={[Function]}
            onResponderTerminationRequest={[Function]}
            onStartShouldSetResponder={[Function]}
            style={
              [
                {
                  "overflow": "hidden",
                },
                {
                  "marginVertical": 8,
                  "width": 734,
                },
              ]
            }
            testID="lesson-card-touchable"
          >
            <View
              style={
                {
                  "backgroundColor": "#292929",
                  "padding": 15,
                }
              }
            >
              <Text
                style={
                  {
                    "color": "#BFBFBF",
                    "fontSize": 14,
                    "marginBottom": 15,
                  }
                }
                testID="lesson-card-status-text"
              >
                Clase para el 31 de December del 2020
              </Text>
              <Text
                style={
                  {
                    "color": "#FFFFFF",
                    "fontSize": 16,
                  }
                }
                testID="lesson-card-description-text"
              >
                Nemo et et non nesciunt ipsum sed rerum vero. Nostrum quae officiis qui nihil dignissimos consectetur aperiam. Vel harum ex. Ipsum ratione necessitatibus eum sint vero enim et consequatur. Ab autem re...
              </Text>
              <View
                accessibilityState={
                  {
                    "busy": undefined,
                    "checked": undefined,
                    "disabled": false,
                    "expanded": undefined,
                    "selected": undefined,
                  }
                }
                accessibilityValue={
                  {
                    "max": undefined,
                    "min": undefined,
                    "now": undefined,
                    "text": undefined,
                  }
                }
                accessible={true}
                collapsable={false}
                focusable={true}
                onBlur={[Function]}
                onClick={[Function]}
                onFocus={[Function]}
                onResponderGrant={[Function]}
                onResponderMove={[Function]}
                onResponderRelease={[Function]}
                onResponderTerminate={[Function]}
                onResponderTerminationRequest={[Function]}
                onStartShouldSetResponder={[Function]}
                style={
                  [
                    {
                      "overflow": "hidden",
                    },
                    [
                      {
                        "alignItems": "center",
                        "backgroundColor": "transparent",
                        "borderRadius": 50,
                        "height": 48,
                        "justifyContent": "center",
                        "margin": 5,
                        "width": 48,
                      },
                      {
                        "height": 35,
                        "position": "absolute",
                        "right": -2.5,
                        "top": 5,
                        "width": 35,
                      },
                    ],
                  ]
                }
                testID="fab-touchable"
              >
                <Text
                  allowFontScaling={false}
                  selectable={false}
                  style={
                    [
                      {
                        "color": "#C0A7E1",
                        "fontSize": 21,
                      },
                      undefined,
                      {
                        "fontFamily": "Ionicons",
                        "fontStyle": "normal",
                        "fontWeight": "normal",
                      },
                      {},
                    ]
                  }
                >
                  
                </Text>
              </View>
              <View
                style={
                  {
                    "position": "absolute",
                    "right": 20,
                    "top": 30,
                  }
                }
              >
                <View
                  collapsable={false}
                >
                  <View
                    accessibilityValue={
                      {
                        "max": undefined,
                        "min": undefined,
                        "now": undefined,
                        "text": undefined,
                      }
                    }
                    accessible={true}
                    focusable={true}
                    onClick={[Function]}
                    onResponderGrant={[Function]}
                    onResponderMove={[Function]}
                    onResponderRelease={[Function]}
                    onResponderTerminate={[Function]}
                    onResponderTerminationRequest={[Function]}
                    onStartShouldSetResponder={[Function]}
                  >
                    <View
                      ctx={
                        {
                          "menuActions": {
                            "_getOpenedMenu": [Function],
                            "_notify": [Function],
                            "closeMenu": [Function],
                            "isMenuOpen": [Function],
                            "openMenu": [Function],
                            "toggleMenu": [Function],
                          },
                          "menuRegistry": {
                            "getAll": [Function],
                            "getMenu": [Function],
                            "setOptionsCustomStyles": [Function],
                            "subscribe": [Function],
                            "unsubscribe": [Function],
                            "updateLayoutInfo": [Function],
                          },
                        }
                      }
                      style={
                        [
                          undefined,
                          undefined,
                        ]
                      }
                    />
                  </View>
                </View>
              </View>
            </View>
          </View>
        </View>
        <View
          onLayout={[Function]}
        />
      </View>
    </RCTScrollView>
    <Modal
      animationType="fade"
      hardwareAccelerated={false}
      statusBarTranslucent={true}
      transparent={true}
      visible={false}
    />
    <Modal
      animationType="fade"
      hardwareAccelerated={false}
      statusBarTranslucent={true}
      transparent={true}
      visible={false}
    />
  </View>
  <RCTSafeAreaView
    pointerEvents="box-none"
    style={
      {
        "bottom": 0,
        "left": 0,
        "position": "absolute",
        "right": 0,
        "top": 0,
      }
    }
  >
    <View
      collapsable={false}
      onLayout={[Function]}
      pointerEvents="box-none"
      style={
        {
          "flex": 1,
        }
      }
    />
  </RCTSafeAreaView>
</View>
`;
