// Jest Snapshot v1, https://goo.gl/fbAQLP

exports[`Test in <ActiveOrSuspendCourseModal /> screen should to match snapshot 1`] = `
<Modal
  animationType="fade"
  hardwareAccelerated={false}
  statusBarTranslucent={true}
  transparent={true}
  visible={true}
>
  <View
    style={
      {
        "alignItems": "center",
        "backgroundColor": "rgba(0, 0, 0, 0.5)",
        "flex": 1,
        "justifyContent": "center",
        "zIndex": 999,
      }
    }
  >
    <View
      style={
        {
          "backgroundColor": "#292929",
          "borderRadius": 10,
          "justifyContent": "space-between",
          "padding": 24,
        }
      }
    >
      <Text
        style={
          {
            "color": "#B4B4B4",
            "fontSize": 19,
            "marginBottom": 0,
          }
        }
        testID="modal-text"
      >
        ¿Está seguro de suspender este curso?
      </Text>
      <View
        style={
          {
            "alignSelf": "flex-end",
            "flexDirection": "row",
            "justifyContent": "flex-end",
            "marginTop": 40,
          }
        }
      >
        <View
          accessibilityState={
            {
              "busy": undefined,
              "checked": undefined,
              "disabled": false,
              "expanded": undefined,
              "selected": undefined,
            }
          }
          accessibilityValue={
            {
              "max": undefined,
              "min": undefined,
              "now": undefined,
              "text": undefined,
            }
          }
          accessible={true}
          collapsable={false}
          focusable={true}
          onBlur={[Function]}
          onClick={[Function]}
          onFocus={[Function]}
          onResponderGrant={[Function]}
          onResponderMove={[Function]}
          onResponderRelease={[Function]}
          onResponderTerminate={[Function]}
          onResponderTerminationRequest={[Function]}
          onStartShouldSetResponder={[Function]}
          style={
            [
              {
                "overflow": "hidden",
              },
              false,
              [
                {
                  "backgroundColor": "#C0A7E1",
                  "borderRadius": 10,
                },
                {
                  "backgroundColor": "transparent",
                  "marginRight": 5,
                },
              ],
            ]
          }
          testID="button-touchable"
        >
          <View
            style={
              [
                {
                  "alignItems": "center",
                  "flexDirection": "row",
                  "justifyContent": "center",
                  "minWidth": "100%",
                  "paddingHorizontal": 20,
                  "paddingVertical": 9,
                },
                {
                  "minWidth": 0,
                  "paddingHorizontal": 12,
                },
              ]
            }
          >
            <Text
              style={
                [
                  {
                    "textAlign": "left",
                  },
                  {
                    "color": "rgba(28, 27, 31, 1)",
                    "fontFamily": "System",
                    "fontWeight": "400",
                    "letterSpacing": 0,
                  },
                  {
                    "writingDirection": "ltr",
                  },
                  [
                    {
                      "color": "#121212",
                      "fontSize": 18,
                      "fontWeight": "bold",
                      "marginBottom": 2,
                      "textAlign": "center",
                    },
                    {
                      "color": "#C0A7E1",
                      "fontSize": 16,
                    },
                  ],
                ]
              }
              testID="button-text"
            >
              CANCELAR
            </Text>
          </View>
        </View>
        <View
          accessibilityState={
            {
              "busy": undefined,
              "checked": undefined,
              "disabled": false,
              "expanded": undefined,
              "selected": undefined,
            }
          }
          accessibilityValue={
            {
              "max": undefined,
              "min": undefined,
              "now": undefined,
              "text": undefined,
            }
          }
          accessible={true}
          collapsable={false}
          focusable={true}
          onBlur={[Function]}
          onClick={[Function]}
          onFocus={[Function]}
          onResponderGrant={[Function]}
          onResponderMove={[Function]}
          onResponderRelease={[Function]}
          onResponderTerminate={[Function]}
          onResponderTerminationRequest={[Function]}
          onStartShouldSetResponder={[Function]}
          style={
            [
              {
                "overflow": "hidden",
              },
              false,
              [
                {
                  "backgroundColor": "#C0A7E1",
                  "borderRadius": 10,
                },
                {
                  "backgroundColor": "transparent",
                },
              ],
            ]
          }
          testID="button-touchable"
        >
          <View
            style={
              [
                {
                  "alignItems": "center",
                  "flexDirection": "row",
                  "justifyContent": "center",
                  "minWidth": "100%",
                  "paddingHorizontal": 20,
                  "paddingVertical": 9,
                },
                {
                  "minWidth": 0,
                  "paddingHorizontal": 12,
                },
              ]
            }
          >
            <Text
              style={
                [
                  {
                    "textAlign": "left",
                  },
                  {
                    "color": "rgba(28, 27, 31, 1)",
                    "fontFamily": "System",
                    "fontWeight": "400",
                    "letterSpacing": 0,
                  },
                  {
                    "writingDirection": "ltr",
                  },
                  [
                    {
                      "color": "#121212",
                      "fontSize": 18,
                      "fontWeight": "bold",
                      "marginBottom": 2,
                      "textAlign": "center",
                    },
                    {
                      "color": "#C0A7E1",
                      "fontSize": 16,
                    },
                  ],
                ]
              }
              testID="button-text"
            >
              SUSPENDER
            </Text>
          </View>
        </View>
      </View>
    </View>
  </View>
</Modal>
`;
