// Jest Snapshot v1, https://goo.gl/fbAQLP

exports[`Test in <CourseDetail /> screen should to match snapshot 1`] = `
[
  <RCTScrollView
    contentContainerStyle={
      {
        "alignItems": "center",
        "flexGrow": 1,
        "padding": 24,
        "paddingBottom": 100,
      }
    }
    overScrollMode="never"
    style={
      {
        "flex": 1,
      }
    }
  >
    <View>
      <View
        style={
          [
            {
              "alignItems": "flex-start",
              "marginBottom": 40,
              "width": "100%",
            },
            {
              "paddingBottom": 0,
              "paddingTop": 8,
            },
          ]
        }
      >
        <Text
          style={
            [
              {
                "color": "#FFFFFF",
                "fontSize": 38,
                "fontWeight": "bold",
              },
              {
                "fontSize": 24,
              },
            ]
          }
          testID="title-text"
        >
          FRED CREMIN
        </Text>
      </View>
      <View
        style={
          [
            {
              "padding": 16,
            },
            {
              "padding": 0,
              "paddingBottom": 24,
              "width": "100%",
            },
          ]
        }
      >
        <Text
          style={
            [
              {
                "color": "#BFBFBF",
                "fontSize": 17,
                "textAlign": "center",
              },
              {
                "fontSize": 16,
                "fontWeight": "bold",
                "textAlign": "left",
              },
            ]
          }
          testID="info-text-text"
        >
          ANIMI VOLUPTAS OMNIS
        </Text>
      </View>
      <View
        style={
          {
            "paddingBottom": 24,
            "width": "100%",
          }
        }
      >
        <Text
          style={
            {
              "color": "#FFFFFF",
              "fontSize": 19,
              "fontWeight": "bold",
              "marginBottom": 0,
            }
          }
          testID="course-detail-status"
        >
          Estado del curso: 
          En curso
        </Text>
        <View
          accessibilityState={
            {
              "busy": undefined,
              "checked": undefined,
              "disabled": undefined,
              "expanded": undefined,
              "selected": undefined,
            }
          }
          accessibilityValue={
            {
              "max": undefined,
              "min": undefined,
              "now": undefined,
              "text": undefined,
            }
          }
          accessible={true}
          collapsable={false}
          focusable={true}
          onClick={[Function]}
          onResponderGrant={[Function]}
          onResponderMove={[Function]}
          onResponderRelease={[Function]}
          onResponderTerminate={[Function]}
          onResponderTerminationRequest={[Function]}
          onStartShouldSetResponder={[Function]}
          style={
            {
              "opacity": 1,
            }
          }
          testID="course-detail-status-touchable"
        >
          <Text
            style={
              {
                "color": "#A0B9E2",
                "fontSize": 19,
              }
            }
          >
            ¿Suspender?
          </Text>
        </View>
      </View>
      <View
        style={
          {
            "paddingBottom": 24,
            "width": "100%",
          }
        }
        testID="course-detail-about-section"
      >
        <Text
          style={
            {
              "color": "#FFFFFF",
              "fontSize": 19,
              "fontWeight": "bold",
              "marginBottom": 8,
            }
          }
        >
          Información de 
          Fred Cremin
          :
        </Text>
        <Text
          style={
            {
              "color": "#FFFFFF",
              "fontSize": 19,
            }
          }
        >
          Voluptatem dolorem neque quia omnis odit quos non. Sed rerum est est rem et. Ut aut repellat expedita commodi ipsum. In quisquam excepturi rerum debitis. Beatae rem saepe aut molestiae.
        </Text>
      </View>
      <View
        style={
          {
            "paddingBottom": 24,
            "width": "100%",
          }
        }
        testID="course-detail-address-section"
      >
        <Text
          style={
            {
              "color": "#FFFFFF",
              "fontSize": 19,
              "fontWeight": "bold",
              "marginBottom": 8,
            }
          }
        >
          Dirección:
        </Text>
        <Text
          style={
            {
              "color": "#FFFFFF",
              "fontSize": 19,
            }
          }
        >
          Non ut fuga dolores. Laborum veniam quae minus consequuntur quisquam temporibus et. Est accusamus omnis facere facilis labore.
        </Text>
      </View>
      <View
        style={
          {
            "paddingBottom": 24,
            "width": "100%",
          }
        }
      >
        <Text
          style={
            {
              "color": "#FFFFFF",
              "fontSize": 19,
              "fontWeight": "bold",
              "marginBottom": 8,
            }
          }
        >
          Última clase:
        </Text>
        <View
          style={
            {
              "borderColor": "#FFFFFF",
              "borderWidth": 0.5,
            }
          }
        >
          <View
            style={
              {
                "backgroundColor": "#292929",
              }
            }
          >
            <Text
              style={
                {
                  "color": "#FFFFFF",
                  "fontSize": 24,
                  "fontWeight": "bold",
                  "padding": 8,
                  "textAlign": "center",
                }
              }
              testID="course-detail-last-lesson-status"
            >
              Próxima clase 31/12/2020
            </Text>
          </View>
          <View>
            <Text
              style={
                {
                  "color": "#FFFFFF",
                  "fontSize": 19,
                  "padding": 24,
                }
              }
              testID="course-detail-last-lesson-description"
            >
              Nemo et et non nesciunt ipsum sed rerum vero. Nostrum quae officiis qui nihil dignissimos consectetur aperiam. Vel harum ex. Ipsum ratione necessitatibus eum sint vero enim et consequatur. Ab autem rerum numquam ut. Laboriosam nihil est exercitationem unde aut reiciendis odit.
            </Text>
          </View>
        </View>
        <View
          accessibilityState={
            {
              "busy": undefined,
              "checked": undefined,
              "disabled": undefined,
              "expanded": undefined,
              "selected": undefined,
            }
          }
          accessibilityValue={
            {
              "max": undefined,
              "min": undefined,
              "now": undefined,
              "text": undefined,
            }
          }
          accessible={true}
          collapsable={false}
          focusable={true}
          onClick={[Function]}
          onResponderGrant={[Function]}
          onResponderMove={[Function]}
          onResponderRelease={[Function]}
          onResponderTerminate={[Function]}
          onResponderTerminationRequest={[Function]}
          onStartShouldSetResponder={[Function]}
          style={
            {
              "marginTop": 24,
              "opacity": 1,
            }
          }
          testID="course-detail-lessons-touchable"
        >
          <Text
            style={
              {
                "color": "#A0B9E2",
                "fontSize": 19,
              }
            }
          >
            Ver todas las clases
          </Text>
        </View>
        <View
          accessibilityState={
            {
              "busy": undefined,
              "checked": undefined,
              "disabled": undefined,
              "expanded": undefined,
              "selected": undefined,
            }
          }
          accessibilityValue={
            {
              "max": undefined,
              "min": undefined,
              "now": undefined,
              "text": undefined,
            }
          }
          accessible={true}
          collapsable={false}
          focusable={true}
          onClick={[Function]}
          onResponderGrant={[Function]}
          onResponderMove={[Function]}
          onResponderRelease={[Function]}
          onResponderTerminate={[Function]}
          onResponderTerminationRequest={[Function]}
          onStartShouldSetResponder={[Function]}
          style={
            {
              "marginTop": 8,
              "opacity": 1,
            }
          }
          testID="course-detail-add-lesson-touchable"
        >
          <Text
            style={
              {
                "color": "#A0B9E2",
                "fontSize": 19,
              }
            }
          >
            Agregar clase
          </Text>
        </View>
      </View>
      <Text
        style={
          {
            "bottom": 24,
            "color": "#B4B4B4",
            "fontSize": 16,
            "position": "absolute",
            "right": 24,
          }
        }
        testID="course-detail-text-date"
      >
        26/08/2021
      </Text>
    </View>
  </RCTScrollView>,
  <Modal
    animationType="fade"
    hardwareAccelerated={false}
    statusBarTranslucent={true}
    transparent={true}
    visible={false}
  />,
  <Modal
    animationType="fade"
    hardwareAccelerated={false}
    statusBarTranslucent={true}
    transparent={true}
    visible={false}
  />,
]
`;
