// Jest Snapshot v1, https://goo.gl/fbAQLP

exports[`Test in <LoginForm /> component should to match snapshot 1`] = `
<View
  style={
    {
      "alignItems": "center",
      "flex": 0,
      "justifyContent": "center",
      "marginBottom": 40,
      "width": "100%",
    }
  }
>
  <View
    style={
      {
        "height": 187.5,
      }
    }
  />
  <View
    style={
      {
        "display": "flex",
        "marginBottom": 16,
        "width": "100%",
      }
    }
  >
    <Text
      style={
        [
          {
            "color": "#FFFFFF",
            "fontSize": 18,
            "marginBottom": 16,
          },
          undefined,
        ]
      }
      testID="form-field-label"
    >
      Correo:
    </Text>
    <View
      style={
        {
          "borderColor": "transparent",
          "borderRadius": 7,
          "borderWidth": 1,
        }
      }
    >
      <View
        style={
          {
            "borderColor": "#FFFFFF",
            "borderRadius": 5,
            "borderWidth": 0.5,
          }
        }
      >
        <View
          style={
            [
              {
                "alignItems": "center",
                "borderColor": "transparent",
                "borderRadius": 5,
                "borderWidth": 1.5,
                "flexDirection": "row",
                "paddingRight": 10,
              },
              undefined,
            ]
          }
        >
          <TextInput
            autoCapitalize="none"
            autoCorrect={false}
            cursorColor="#C0A7E1"
            keyboardType="email-address"
            onBlur={[Function]}
            onChangeText={[Function]}
            onFocus={[Function]}
            onSelectionChange={[Function]}
            placeholder="Ingrese su correo"
            placeholderTextColor="#BFBFBF"
            selection={
              {
                "end": 0,
                "start": 0,
              }
            }
            selectionColor="#A0B9E2"
            style={
              [
                {
                  "color": "#FFFFFF",
                  "flex": 1,
                  "fontSize": 17,
                  "paddingLeft": 10,
                  "paddingRight": 5,
                  "textAlignVertical": "center",
                },
                undefined,
              ]
            }
            testID="form-field-text-input"
            value=""
          />
          <Text
            allowFontScaling={false}
            selectable={false}
            style={
              [
                {
                  "color": "#BFBFBF",
                  "fontSize": 25,
                },
                undefined,
                {
                  "fontFamily": "Ionicons",
                  "fontStyle": "normal",
                  "fontWeight": "normal",
                },
                {},
              ]
            }
          >
            
          </Text>
        </View>
      </View>
    </View>
  </View>
  <View
    style={
      {
        "display": "flex",
        "marginBottom": 40,
        "width": "100%",
      }
    }
  >
    <Text
      style={
        [
          {
            "color": "#FFFFFF",
            "fontSize": 18,
            "marginBottom": 16,
          },
          undefined,
        ]
      }
      testID="form-field-label"
    >
      Contraseña:
    </Text>
    <View
      style={
        {
          "borderColor": "transparent",
          "borderRadius": 7,
          "borderWidth": 1,
        }
      }
    >
      <View
        style={
          {
            "borderColor": "#FFFFFF",
            "borderRadius": 5,
            "borderWidth": 0.5,
          }
        }
      >
        <View
          style={
            [
              {
                "alignItems": "center",
                "borderColor": "transparent",
                "borderRadius": 5,
                "borderWidth": 1.5,
                "flexDirection": "row",
                "paddingRight": 10,
              },
              undefined,
            ]
          }
        >
          <TextInput
            autoCapitalize="none"
            autoCorrect={false}
            cursorColor="#C0A7E1"
            onBlur={[Function]}
            onChangeText={[Function]}
            onFocus={[Function]}
            onSelectionChange={[Function]}
            placeholder="Ingrese su contraseña"
            placeholderTextColor="#BFBFBF"
            secureTextEntry={true}
            selection={
              {
                "end": 0,
                "start": 0,
              }
            }
            selectionColor="#A0B9E2"
            style={
              [
                {
                  "color": "#FFFFFF",
                  "flex": 1,
                  "fontSize": 17,
                  "paddingLeft": 10,
                  "paddingRight": 5,
                  "textAlignVertical": "center",
                },
                undefined,
              ]
            }
            testID="form-field-text-input"
            value=""
          />
          <View
            accessibilityState={
              {
                "busy": undefined,
                "checked": undefined,
                "disabled": undefined,
                "expanded": undefined,
                "selected": undefined,
              }
            }
            accessibilityValue={
              {
                "max": undefined,
                "min": undefined,
                "now": undefined,
                "text": undefined,
              }
            }
            accessible={true}
            collapsable={false}
            focusable={true}
            onClick={[Function]}
            onResponderGrant={[Function]}
            onResponderMove={[Function]}
            onResponderRelease={[Function]}
            onResponderTerminate={[Function]}
            onResponderTerminationRequest={[Function]}
            onStartShouldSetResponder={[Function]}
            style={
              {
                "opacity": 1,
              }
            }
            testID="eye-btn-touchable"
          >
            <Text
              allowFontScaling={false}
              selectable={false}
              style={
                [
                  {
                    "color": "#BFBFBF",
                    "fontSize": 25,
                  },
                  undefined,
                  {
                    "fontFamily": "Ionicons",
                    "fontStyle": "normal",
                    "fontWeight": "normal",
                  },
                  {},
                ]
              }
            >
              
            </Text>
          </View>
        </View>
      </View>
    </View>
  </View>
  <View
    accessibilityState={
      {
        "busy": undefined,
        "checked": undefined,
        "disabled": false,
        "expanded": undefined,
        "selected": undefined,
      }
    }
    accessibilityValue={
      {
        "max": undefined,
        "min": undefined,
        "now": undefined,
        "text": undefined,
      }
    }
    accessible={true}
    collapsable={false}
    focusable={true}
    onBlur={[Function]}
    onClick={[Function]}
    onFocus={[Function]}
    onResponderGrant={[Function]}
    onResponderMove={[Function]}
    onResponderRelease={[Function]}
    onResponderTerminate={[Function]}
    onResponderTerminationRequest={[Function]}
    onStartShouldSetResponder={[Function]}
    style={
      [
        {
          "overflow": "hidden",
        },
        false,
        [
          {
            "backgroundColor": "#C0A7E1",
            "borderRadius": 10,
          },
          undefined,
        ],
      ]
    }
    testID="button-touchable"
  >
    <View
      style={
        [
          {
            "alignItems": "center",
            "flexDirection": "row",
            "justifyContent": "center",
            "minWidth": "100%",
            "paddingHorizontal": 20,
            "paddingVertical": 9,
          },
          undefined,
        ]
      }
    >
      <Text
        style={
          [
            {
              "textAlign": "left",
            },
            {
              "color": "rgba(28, 27, 31, 1)",
              "fontFamily": "System",
              "fontWeight": "400",
              "letterSpacing": 0,
            },
            {
              "writingDirection": "ltr",
            },
            [
              {
                "color": "#121212",
                "fontSize": 18,
                "fontWeight": "bold",
                "marginBottom": 2,
                "textAlign": "center",
              },
              undefined,
            ],
          ]
        }
        testID="button-text"
      >
        Ingresar
      </Text>
    </View>
  </View>
  <View
    style={
      {
        "flexDirection": "row",
        "justifyContent": "center",
        "marginTop": 40,
      }
    }
  >
    <Text
      style={
        {
          "color": "#FFFFFF",
          "fontSize": 16,
          "marginRight": 10,
        }
      }
    >
      ¿No tienes cuenta?
    </Text>
    <View
      accessibilityState={
        {
          "busy": undefined,
          "checked": undefined,
          "disabled": undefined,
          "expanded": undefined,
          "selected": undefined,
        }
      }
      accessibilityValue={
        {
          "max": undefined,
          "min": undefined,
          "now": undefined,
          "text": undefined,
        }
      }
      accessible={true}
      collapsable={false}
      focusable={true}
      onClick={[Function]}
      onResponderGrant={[Function]}
      onResponderMove={[Function]}
      onResponderRelease={[Function]}
      onResponderTerminate={[Function]}
      onResponderTerminationRequest={[Function]}
      onStartShouldSetResponder={[Function]}
      style={
        {
          "opacity": 1,
        }
      }
      testID="login-form-sign-up"
    >
      <Text
        style={
          {
            "color": "#A0B9E2",
            "fontSize": 16,
          }
        }
      >
        Crea una aquí
      </Text>
    </View>
  </View>
  <View
    style={
      {
        "flexDirection": "row",
        "justifyContent": "center",
        "marginTop": 16,
      }
    }
  >
    <View
      accessibilityState={
        {
          "busy": undefined,
          "checked": undefined,
          "disabled": undefined,
          "expanded": undefined,
          "selected": undefined,
        }
      }
      accessibilityValue={
        {
          "max": undefined,
          "min": undefined,
          "now": undefined,
          "text": undefined,
        }
      }
      accessible={true}
      collapsable={false}
      focusable={true}
      onClick={[Function]}
      onResponderGrant={[Function]}
      onResponderMove={[Function]}
      onResponderRelease={[Function]}
      onResponderTerminate={[Function]}
      onResponderTerminationRequest={[Function]}
      onStartShouldSetResponder={[Function]}
      style={
        {
          "opacity": 1,
        }
      }
      testID="login-form-forgor-pass"
    >
      <Text
        style={
          {
            "color": "#A0B9E2",
            "fontSize": 16,
          }
        }
      >
        Olvide mi contraseña
      </Text>
    </View>
  </View>
</View>
`;
