// Jest Snapshot v1, https://goo.gl/fbAQLP

exports[`Test in <Home /> screen should to match snapshot 1`] = `
Array [
  <RCTScrollView
    contentContainerStyle={
      Object {
        "alignItems": "center",
        "paddingBottom": 100,
      }
    }
    overScrollMode="never"
    refreshControl={
      <RefreshControlMock
        colors={
          Array [
            "#000",
          ]
        }
        onRefresh={[Function]}
        refreshing={false}
      />
    }
    style={
      Object {
        "flex": 1,
      }
    }
  >
    <RCTRefreshControl />
    <View>
      <View
        style={
          Array [
            Object {
              "alignItems": "flex-start",
              "padding": 20,
              "width": "100%",
            },
            Object {
              "paddingBottom": 0,
              "paddingTop": 30,
            },
          ]
        }
      >
        <Text
          style={
            Array [
              Object {
                "color": "#FFFFFF",
                "fontSize": 38,
                "fontWeight": "bold",
              },
              Object {
                "fontSize": 24,
              },
            ]
          }
          testID="title-text"
        >
          INFORME DE JANUARY 2023
        </Text>
      </View>
      <View
        style={
          Object {
            "alignItems": "center",
            "borderColor": "#000000",
            "borderWidth": 1,
            "margin": 20,
          }
        }
        testID="preaching-table"
      >
        <View
          style={
            Object {
              "alignItems": "center",
              "flexDirection": "row",
              "width": "100%",
            }
          }
        >
          <View
            style={
              Array [
                Object {
                  "backgroundColor": "#3C3547",
                  "borderColor": "#000000",
                  "borderWidth": 1,
                  "height": 60,
                  "justifyContent": "center",
                },
                Object {
                  "width": 112.5,
                },
              ]
            }
          >
            <Text
              style={
                Object {
                  "color": "#FFFFFF",
                  "fontSize": 16,
                  "marginLeft": 10,
                }
              }
              testID="table-cell-text"
            >
              Día
            </Text>
          </View>
          <View
            style={
              Array [
                Object {
                  "backgroundColor": "#3C3547",
                  "borderColor": "#000000",
                  "borderWidth": 1,
                  "height": 60,
                  "justifyContent": "center",
                },
                Object {
                  "width": 112.5,
                },
              ]
            }
          >
            <Text
              style={
                Object {
                  "color": "#FFFFFF",
                  "fontSize": 16,
                  "marginLeft": 10,
                }
              }
              testID="table-cell-text"
            >
              H/I
            </Text>
          </View>
          <View
            style={
              Array [
                Object {
                  "backgroundColor": "#3C3547",
                  "borderColor": "#000000",
                  "borderWidth": 1,
                  "height": 60,
                  "justifyContent": "center",
                },
                Object {
                  "width": 112.5,
                },
              ]
            }
          >
            <Text
              style={
                Object {
                  "color": "#FFFFFF",
                  "fontSize": 16,
                  "marginLeft": 10,
                }
              }
              testID="table-cell-text"
            >
              H/F
            </Text>
          </View>
          <View
            style={
              Array [
                Object {
                  "backgroundColor": "#3C3547",
                  "borderColor": "#000000",
                  "borderWidth": 1,
                  "height": 60,
                  "justifyContent": "center",
                },
                Object {
                  "width": 112.5,
                },
              ]
            }
          >
            <Text
              style={
                Object {
                  "color": "#FFFFFF",
                  "fontSize": 16,
                  "marginLeft": 10,
                }
              }
              testID="table-cell-text"
            >
              Pub
            </Text>
          </View>
          <View
            style={
              Array [
                Object {
                  "backgroundColor": "#3C3547",
                  "borderColor": "#000000",
                  "borderWidth": 1,
                  "height": 60,
                  "justifyContent": "center",
                },
                Object {
                  "width": 112.5,
                },
              ]
            }
          >
            <Text
              style={
                Object {
                  "color": "#FFFFFF",
                  "fontSize": 16,
                  "marginLeft": 10,
                }
              }
              testID="table-cell-text"
            >
              Vid
            </Text>
          </View>
          <View
            style={
              Array [
                Object {
                  "backgroundColor": "#3C3547",
                  "borderColor": "#000000",
                  "borderWidth": 1,
                  "height": 60,
                  "justifyContent": "center",
                },
                Object {
                  "width": 112.5,
                },
              ]
            }
          >
            <Text
              style={
                Object {
                  "color": "#FFFFFF",
                  "fontSize": 16,
                  "marginLeft": 10,
                }
              }
              testID="table-cell-text"
            >
              Rev
            </Text>
          </View>
        </View>
        <View
          accessible={true}
          focusable={true}
          onClick={[Function]}
          onResponderGrant={[Function]}
          onResponderMove={[Function]}
          onResponderRelease={[Function]}
          onResponderTerminate={[Function]}
          onResponderTerminationRequest={[Function]}
          onStartShouldSetResponder={[Function]}
          testID="preaching-table-row"
        >
          <View
            style={
              Object {
                "alignItems": "center",
                "flexDirection": "row",
                "width": "100%",
              }
            }
          >
            <View
              style={
                Array [
                  Object {
                    "backgroundColor": "#3C3547",
                    "borderColor": "#000000",
                    "borderWidth": 1,
                    "height": 60,
                    "justifyContent": "center",
                  },
                  Object {
                    "backgroundColor": "#746C84",
                    "width": 112.5,
                  },
                ]
              }
            >
              <Text
                style={
                  Object {
                    "color": "#FFFFFF",
                    "fontSize": 16,
                    "marginLeft": 10,
                  }
                }
                testID="table-cell-text"
              >
                12
              </Text>
            </View>
            <View
              style={
                Array [
                  Object {
                    "backgroundColor": "#3C3547",
                    "borderColor": "#000000",
                    "borderWidth": 1,
                    "height": 60,
                    "justifyContent": "center",
                  },
                  Object {
                    "backgroundColor": "#746C84",
                    "width": 112.5,
                  },
                ]
              }
            >
              <Text
                style={
                  Object {
                    "color": "#FFFFFF",
                    "fontSize": 16,
                    "marginLeft": 10,
                  }
                }
                testID="table-cell-text"
              >
                13:00
              </Text>
            </View>
            <View
              style={
                Array [
                  Object {
                    "backgroundColor": "#3C3547",
                    "borderColor": "#000000",
                    "borderWidth": 1,
                    "height": 60,
                    "justifyContent": "center",
                  },
                  Object {
                    "backgroundColor": "#746C84",
                    "width": 112.5,
                  },
                ]
              }
            >
              <Text
                style={
                  Object {
                    "color": "#FFFFFF",
                    "fontSize": 16,
                    "marginLeft": 10,
                  }
                }
                testID="table-cell-text"
              >
                16:00
              </Text>
            </View>
            <View
              style={
                Array [
                  Object {
                    "backgroundColor": "#3C3547",
                    "borderColor": "#000000",
                    "borderWidth": 1,
                    "height": 60,
                    "justifyContent": "center",
                  },
                  Object {
                    "backgroundColor": "#746C84",
                    "width": 112.5,
                  },
                ]
              }
            >
              <Text
                style={
                  Object {
                    "color": "#FFFFFF",
                    "fontSize": 16,
                    "marginLeft": 10,
                  }
                }
                testID="table-cell-text"
              >
                4
              </Text>
            </View>
            <View
              style={
                Array [
                  Object {
                    "backgroundColor": "#3C3547",
                    "borderColor": "#000000",
                    "borderWidth": 1,
                    "height": 60,
                    "justifyContent": "center",
                  },
                  Object {
                    "backgroundColor": "#746C84",
                    "width": 112.5,
                  },
                ]
              }
            >
              <Text
                style={
                  Object {
                    "color": "#FFFFFF",
                    "fontSize": 16,
                    "marginLeft": 10,
                  }
                }
                testID="table-cell-text"
              >
                0
              </Text>
            </View>
            <View
              style={
                Array [
                  Object {
                    "backgroundColor": "#3C3547",
                    "borderColor": "#000000",
                    "borderWidth": 1,
                    "height": 60,
                    "justifyContent": "center",
                  },
                  Object {
                    "backgroundColor": "#746C84",
                    "width": 112.5,
                  },
                ]
              }
            >
              <Text
                style={
                  Object {
                    "color": "#FFFFFF",
                    "fontSize": 16,
                    "marginLeft": 10,
                  }
                }
                testID="table-cell-text"
              >
                2
              </Text>
            </View>
          </View>
        </View>
        <View
          accessible={true}
          focusable={true}
          onClick={[Function]}
          onResponderGrant={[Function]}
          onResponderMove={[Function]}
          onResponderRelease={[Function]}
          onResponderTerminate={[Function]}
          onResponderTerminationRequest={[Function]}
          onStartShouldSetResponder={[Function]}
          testID="preaching-table-row"
        >
          <View
            style={
              Object {
                "alignItems": "center",
                "flexDirection": "row",
                "width": "100%",
              }
            }
          >
            <View
              style={
                Array [
                  Object {
                    "backgroundColor": "#3C3547",
                    "borderColor": "#000000",
                    "borderWidth": 1,
                    "height": 60,
                    "justifyContent": "center",
                  },
                  Object {
                    "backgroundColor": "#746C84",
                    "width": 112.5,
                  },
                ]
              }
            >
              <Text
                style={
                  Object {
                    "color": "#FFFFFF",
                    "fontSize": 16,
                    "marginLeft": 10,
                  }
                }
                testID="table-cell-text"
              >
                12
              </Text>
            </View>
            <View
              style={
                Array [
                  Object {
                    "backgroundColor": "#3C3547",
                    "borderColor": "#000000",
                    "borderWidth": 1,
                    "height": 60,
                    "justifyContent": "center",
                  },
                  Object {
                    "backgroundColor": "#746C84",
                    "width": 112.5,
                  },
                ]
              }
            >
              <Text
                style={
                  Object {
                    "color": "#FFFFFF",
                    "fontSize": 16,
                    "marginLeft": 10,
                  }
                }
                testID="table-cell-text"
              >
                13:00
              </Text>
            </View>
            <View
              style={
                Array [
                  Object {
                    "backgroundColor": "#3C3547",
                    "borderColor": "#000000",
                    "borderWidth": 1,
                    "height": 60,
                    "justifyContent": "center",
                  },
                  Object {
                    "backgroundColor": "#746C84",
                    "width": 112.5,
                  },
                ]
              }
            >
              <Text
                style={
                  Object {
                    "color": "#FFFFFF",
                    "fontSize": 16,
                    "marginLeft": 10,
                  }
                }
                testID="table-cell-text"
              >
                16:00
              </Text>
            </View>
            <View
              style={
                Array [
                  Object {
                    "backgroundColor": "#3C3547",
                    "borderColor": "#000000",
                    "borderWidth": 1,
                    "height": 60,
                    "justifyContent": "center",
                  },
                  Object {
                    "backgroundColor": "#746C84",
                    "width": 112.5,
                  },
                ]
              }
            >
              <Text
                style={
                  Object {
                    "color": "#FFFFFF",
                    "fontSize": 16,
                    "marginLeft": 10,
                  }
                }
                testID="table-cell-text"
              >
                4
              </Text>
            </View>
            <View
              style={
                Array [
                  Object {
                    "backgroundColor": "#3C3547",
                    "borderColor": "#000000",
                    "borderWidth": 1,
                    "height": 60,
                    "justifyContent": "center",
                  },
                  Object {
                    "backgroundColor": "#746C84",
                    "width": 112.5,
                  },
                ]
              }
            >
              <Text
                style={
                  Object {
                    "color": "#FFFFFF",
                    "fontSize": 16,
                    "marginLeft": 10,
                  }
                }
                testID="table-cell-text"
              >
                0
              </Text>
            </View>
            <View
              style={
                Array [
                  Object {
                    "backgroundColor": "#3C3547",
                    "borderColor": "#000000",
                    "borderWidth": 1,
                    "height": 60,
                    "justifyContent": "center",
                  },
                  Object {
                    "backgroundColor": "#746C84",
                    "width": 112.5,
                  },
                ]
              }
            >
              <Text
                style={
                  Object {
                    "color": "#FFFFFF",
                    "fontSize": 16,
                    "marginLeft": 10,
                  }
                }
                testID="table-cell-text"
              >
                2
              </Text>
            </View>
          </View>
        </View>
        <View
          accessible={true}
          focusable={true}
          onClick={[Function]}
          onResponderGrant={[Function]}
          onResponderMove={[Function]}
          onResponderRelease={[Function]}
          onResponderTerminate={[Function]}
          onResponderTerminationRequest={[Function]}
          onStartShouldSetResponder={[Function]}
          testID="preaching-table-row"
        >
          <View
            style={
              Object {
                "alignItems": "center",
                "flexDirection": "row",
                "width": "100%",
              }
            }
          >
            <View
              style={
                Array [
                  Object {
                    "backgroundColor": "#3C3547",
                    "borderColor": "#000000",
                    "borderWidth": 1,
                    "height": 60,
                    "justifyContent": "center",
                  },
                  Object {
                    "backgroundColor": "#746C84",
                    "width": 112.5,
                  },
                ]
              }
            >
              <Text
                style={
                  Object {
                    "color": "#FFFFFF",
                    "fontSize": 16,
                    "marginLeft": 10,
                  }
                }
                testID="table-cell-text"
              >
                12
              </Text>
            </View>
            <View
              style={
                Array [
                  Object {
                    "backgroundColor": "#3C3547",
                    "borderColor": "#000000",
                    "borderWidth": 1,
                    "height": 60,
                    "justifyContent": "center",
                  },
                  Object {
                    "backgroundColor": "#746C84",
                    "width": 112.5,
                  },
                ]
              }
            >
              <Text
                style={
                  Object {
                    "color": "#FFFFFF",
                    "fontSize": 16,
                    "marginLeft": 10,
                  }
                }
                testID="table-cell-text"
              >
                13:00
              </Text>
            </View>
            <View
              style={
                Array [
                  Object {
                    "backgroundColor": "#3C3547",
                    "borderColor": "#000000",
                    "borderWidth": 1,
                    "height": 60,
                    "justifyContent": "center",
                  },
                  Object {
                    "backgroundColor": "#746C84",
                    "width": 112.5,
                  },
                ]
              }
            >
              <Text
                style={
                  Object {
                    "color": "#FFFFFF",
                    "fontSize": 16,
                    "marginLeft": 10,
                  }
                }
                testID="table-cell-text"
              >
                16:00
              </Text>
            </View>
            <View
              style={
                Array [
                  Object {
                    "backgroundColor": "#3C3547",
                    "borderColor": "#000000",
                    "borderWidth": 1,
                    "height": 60,
                    "justifyContent": "center",
                  },
                  Object {
                    "backgroundColor": "#746C84",
                    "width": 112.5,
                  },
                ]
              }
            >
              <Text
                style={
                  Object {
                    "color": "#FFFFFF",
                    "fontSize": 16,
                    "marginLeft": 10,
                  }
                }
                testID="table-cell-text"
              >
                4
              </Text>
            </View>
            <View
              style={
                Array [
                  Object {
                    "backgroundColor": "#3C3547",
                    "borderColor": "#000000",
                    "borderWidth": 1,
                    "height": 60,
                    "justifyContent": "center",
                  },
                  Object {
                    "backgroundColor": "#746C84",
                    "width": 112.5,
                  },
                ]
              }
            >
              <Text
                style={
                  Object {
                    "color": "#FFFFFF",
                    "fontSize": 16,
                    "marginLeft": 10,
                  }
                }
                testID="table-cell-text"
              >
                0
              </Text>
            </View>
            <View
              style={
                Array [
                  Object {
                    "backgroundColor": "#3C3547",
                    "borderColor": "#000000",
                    "borderWidth": 1,
                    "height": 60,
                    "justifyContent": "center",
                  },
                  Object {
                    "backgroundColor": "#746C84",
                    "width": 112.5,
                  },
                ]
              }
            >
              <Text
                style={
                  Object {
                    "color": "#FFFFFF",
                    "fontSize": 16,
                    "marginLeft": 10,
                  }
                }
                testID="table-cell-text"
              >
                2
              </Text>
            </View>
          </View>
        </View>
        <View
          accessible={true}
          focusable={true}
          onClick={[Function]}
          onResponderGrant={[Function]}
          onResponderMove={[Function]}
          onResponderRelease={[Function]}
          onResponderTerminate={[Function]}
          onResponderTerminationRequest={[Function]}
          onStartShouldSetResponder={[Function]}
          testID="preaching-table-row"
        >
          <View
            style={
              Object {
                "alignItems": "center",
                "flexDirection": "row",
                "width": "100%",
              }
            }
          >
            <View
              style={
                Array [
                  Object {
                    "backgroundColor": "#3C3547",
                    "borderColor": "#000000",
                    "borderWidth": 1,
                    "height": 60,
                    "justifyContent": "center",
                  },
                  Object {
                    "backgroundColor": "#746C84",
                    "width": 112.5,
                  },
                ]
              }
            >
              <Text
                style={
                  Object {
                    "color": "#FFFFFF",
                    "fontSize": 16,
                    "marginLeft": 10,
                  }
                }
                testID="table-cell-text"
              >
                12
              </Text>
            </View>
            <View
              style={
                Array [
                  Object {
                    "backgroundColor": "#3C3547",
                    "borderColor": "#000000",
                    "borderWidth": 1,
                    "height": 60,
                    "justifyContent": "center",
                  },
                  Object {
                    "backgroundColor": "#746C84",
                    "width": 112.5,
                  },
                ]
              }
            >
              <Text
                style={
                  Object {
                    "color": "#FFFFFF",
                    "fontSize": 16,
                    "marginLeft": 10,
                  }
                }
                testID="table-cell-text"
              >
                13:00
              </Text>
            </View>
            <View
              style={
                Array [
                  Object {
                    "backgroundColor": "#3C3547",
                    "borderColor": "#000000",
                    "borderWidth": 1,
                    "height": 60,
                    "justifyContent": "center",
                  },
                  Object {
                    "backgroundColor": "#746C84",
                    "width": 112.5,
                  },
                ]
              }
            >
              <Text
                style={
                  Object {
                    "color": "#FFFFFF",
                    "fontSize": 16,
                    "marginLeft": 10,
                  }
                }
                testID="table-cell-text"
              >
                16:00
              </Text>
            </View>
            <View
              style={
                Array [
                  Object {
                    "backgroundColor": "#3C3547",
                    "borderColor": "#000000",
                    "borderWidth": 1,
                    "height": 60,
                    "justifyContent": "center",
                  },
                  Object {
                    "backgroundColor": "#746C84",
                    "width": 112.5,
                  },
                ]
              }
            >
              <Text
                style={
                  Object {
                    "color": "#FFFFFF",
                    "fontSize": 16,
                    "marginLeft": 10,
                  }
                }
                testID="table-cell-text"
              >
                4
              </Text>
            </View>
            <View
              style={
                Array [
                  Object {
                    "backgroundColor": "#3C3547",
                    "borderColor": "#000000",
                    "borderWidth": 1,
                    "height": 60,
                    "justifyContent": "center",
                  },
                  Object {
                    "backgroundColor": "#746C84",
                    "width": 112.5,
                  },
                ]
              }
            >
              <Text
                style={
                  Object {
                    "color": "#FFFFFF",
                    "fontSize": 16,
                    "marginLeft": 10,
                  }
                }
                testID="table-cell-text"
              >
                0
              </Text>
            </View>
            <View
              style={
                Array [
                  Object {
                    "backgroundColor": "#3C3547",
                    "borderColor": "#000000",
                    "borderWidth": 1,
                    "height": 60,
                    "justifyContent": "center",
                  },
                  Object {
                    "backgroundColor": "#746C84",
                    "width": 112.5,
                  },
                ]
              }
            >
              <Text
                style={
                  Object {
                    "color": "#FFFFFF",
                    "fontSize": 16,
                    "marginLeft": 10,
                  }
                }
                testID="table-cell-text"
              >
                2
              </Text>
            </View>
          </View>
        </View>
        <View
          accessible={true}
          focusable={true}
          onClick={[Function]}
          onResponderGrant={[Function]}
          onResponderMove={[Function]}
          onResponderRelease={[Function]}
          onResponderTerminate={[Function]}
          onResponderTerminationRequest={[Function]}
          onStartShouldSetResponder={[Function]}
          testID="preaching-table-row"
        >
          <View
            style={
              Object {
                "alignItems": "center",
                "flexDirection": "row",
                "width": "100%",
              }
            }
          >
            <View
              style={
                Array [
                  Object {
                    "backgroundColor": "#3C3547",
                    "borderColor": "#000000",
                    "borderWidth": 1,
                    "height": 60,
                    "justifyContent": "center",
                  },
                  Object {
                    "backgroundColor": "#746C84",
                    "width": 112.5,
                  },
                ]
              }
            >
              <Text
                style={
                  Object {
                    "color": "#FFFFFF",
                    "fontSize": 16,
                    "marginLeft": 10,
                  }
                }
                testID="table-cell-text"
              >
                12
              </Text>
            </View>
            <View
              style={
                Array [
                  Object {
                    "backgroundColor": "#3C3547",
                    "borderColor": "#000000",
                    "borderWidth": 1,
                    "height": 60,
                    "justifyContent": "center",
                  },
                  Object {
                    "backgroundColor": "#746C84",
                    "width": 112.5,
                  },
                ]
              }
            >
              <Text
                style={
                  Object {
                    "color": "#FFFFFF",
                    "fontSize": 16,
                    "marginLeft": 10,
                  }
                }
                testID="table-cell-text"
              >
                13:00
              </Text>
            </View>
            <View
              style={
                Array [
                  Object {
                    "backgroundColor": "#3C3547",
                    "borderColor": "#000000",
                    "borderWidth": 1,
                    "height": 60,
                    "justifyContent": "center",
                  },
                  Object {
                    "backgroundColor": "#746C84",
                    "width": 112.5,
                  },
                ]
              }
            >
              <Text
                style={
                  Object {
                    "color": "#FFFFFF",
                    "fontSize": 16,
                    "marginLeft": 10,
                  }
                }
                testID="table-cell-text"
              >
                16:00
              </Text>
            </View>
            <View
              style={
                Array [
                  Object {
                    "backgroundColor": "#3C3547",
                    "borderColor": "#000000",
                    "borderWidth": 1,
                    "height": 60,
                    "justifyContent": "center",
                  },
                  Object {
                    "backgroundColor": "#746C84",
                    "width": 112.5,
                  },
                ]
              }
            >
              <Text
                style={
                  Object {
                    "color": "#FFFFFF",
                    "fontSize": 16,
                    "marginLeft": 10,
                  }
                }
                testID="table-cell-text"
              >
                4
              </Text>
            </View>
            <View
              style={
                Array [
                  Object {
                    "backgroundColor": "#3C3547",
                    "borderColor": "#000000",
                    "borderWidth": 1,
                    "height": 60,
                    "justifyContent": "center",
                  },
                  Object {
                    "backgroundColor": "#746C84",
                    "width": 112.5,
                  },
                ]
              }
            >
              <Text
                style={
                  Object {
                    "color": "#FFFFFF",
                    "fontSize": 16,
                    "marginLeft": 10,
                  }
                }
                testID="table-cell-text"
              >
                0
              </Text>
            </View>
            <View
              style={
                Array [
                  Object {
                    "backgroundColor": "#3C3547",
                    "borderColor": "#000000",
                    "borderWidth": 1,
                    "height": 60,
                    "justifyContent": "center",
                  },
                  Object {
                    "backgroundColor": "#746C84",
                    "width": 112.5,
                  },
                ]
              }
            >
              <Text
                style={
                  Object {
                    "color": "#FFFFFF",
                    "fontSize": 16,
                    "marginLeft": 10,
                  }
                }
                testID="table-cell-text"
              >
                2
              </Text>
            </View>
          </View>
        </View>
        <View
          accessible={true}
          focusable={true}
          onClick={[Function]}
          onResponderGrant={[Function]}
          onResponderMove={[Function]}
          onResponderRelease={[Function]}
          onResponderTerminate={[Function]}
          onResponderTerminationRequest={[Function]}
          onStartShouldSetResponder={[Function]}
          testID="preaching-table-row"
        >
          <View
            style={
              Object {
                "alignItems": "center",
                "flexDirection": "row",
                "width": "100%",
              }
            }
          >
            <View
              style={
                Array [
                  Object {
                    "backgroundColor": "#3C3547",
                    "borderColor": "#000000",
                    "borderWidth": 1,
                    "height": 60,
                    "justifyContent": "center",
                  },
                  Object {
                    "backgroundColor": "#746C84",
                    "width": 112.5,
                  },
                ]
              }
            >
              <Text
                style={
                  Object {
                    "color": "#FFFFFF",
                    "fontSize": 16,
                    "marginLeft": 10,
                  }
                }
                testID="table-cell-text"
              >
                12
              </Text>
            </View>
            <View
              style={
                Array [
                  Object {
                    "backgroundColor": "#3C3547",
                    "borderColor": "#000000",
                    "borderWidth": 1,
                    "height": 60,
                    "justifyContent": "center",
                  },
                  Object {
                    "backgroundColor": "#746C84",
                    "width": 112.5,
                  },
                ]
              }
            >
              <Text
                style={
                  Object {
                    "color": "#FFFFFF",
                    "fontSize": 16,
                    "marginLeft": 10,
                  }
                }
                testID="table-cell-text"
              >
                13:00
              </Text>
            </View>
            <View
              style={
                Array [
                  Object {
                    "backgroundColor": "#3C3547",
                    "borderColor": "#000000",
                    "borderWidth": 1,
                    "height": 60,
                    "justifyContent": "center",
                  },
                  Object {
                    "backgroundColor": "#746C84",
                    "width": 112.5,
                  },
                ]
              }
            >
              <Text
                style={
                  Object {
                    "color": "#FFFFFF",
                    "fontSize": 16,
                    "marginLeft": 10,
                  }
                }
                testID="table-cell-text"
              >
                16:00
              </Text>
            </View>
            <View
              style={
                Array [
                  Object {
                    "backgroundColor": "#3C3547",
                    "borderColor": "#000000",
                    "borderWidth": 1,
                    "height": 60,
                    "justifyContent": "center",
                  },
                  Object {
                    "backgroundColor": "#746C84",
                    "width": 112.5,
                  },
                ]
              }
            >
              <Text
                style={
                  Object {
                    "color": "#FFFFFF",
                    "fontSize": 16,
                    "marginLeft": 10,
                  }
                }
                testID="table-cell-text"
              >
                4
              </Text>
            </View>
            <View
              style={
                Array [
                  Object {
                    "backgroundColor": "#3C3547",
                    "borderColor": "#000000",
                    "borderWidth": 1,
                    "height": 60,
                    "justifyContent": "center",
                  },
                  Object {
                    "backgroundColor": "#746C84",
                    "width": 112.5,
                  },
                ]
              }
            >
              <Text
                style={
                  Object {
                    "color": "#FFFFFF",
                    "fontSize": 16,
                    "marginLeft": 10,
                  }
                }
                testID="table-cell-text"
              >
                0
              </Text>
            </View>
            <View
              style={
                Array [
                  Object {
                    "backgroundColor": "#3C3547",
                    "borderColor": "#000000",
                    "borderWidth": 1,
                    "height": 60,
                    "justifyContent": "center",
                  },
                  Object {
                    "backgroundColor": "#746C84",
                    "width": 112.5,
                  },
                ]
              }
            >
              <Text
                style={
                  Object {
                    "color": "#FFFFFF",
                    "fontSize": 16,
                    "marginLeft": 10,
                  }
                }
                testID="table-cell-text"
              >
                2
              </Text>
            </View>
          </View>
        </View>
        <View
          accessible={true}
          focusable={true}
          onClick={[Function]}
          onResponderGrant={[Function]}
          onResponderMove={[Function]}
          onResponderRelease={[Function]}
          onResponderTerminate={[Function]}
          onResponderTerminationRequest={[Function]}
          onStartShouldSetResponder={[Function]}
          testID="preaching-table-row"
        >
          <View
            style={
              Object {
                "alignItems": "center",
                "flexDirection": "row",
                "width": "100%",
              }
            }
          >
            <View
              style={
                Array [
                  Object {
                    "backgroundColor": "#3C3547",
                    "borderColor": "#000000",
                    "borderWidth": 1,
                    "height": 60,
                    "justifyContent": "center",
                  },
                  Object {
                    "backgroundColor": "#746C84",
                    "width": 112.5,
                  },
                ]
              }
            >
              <Text
                style={
                  Object {
                    "color": "#FFFFFF",
                    "fontSize": 16,
                    "marginLeft": 10,
                  }
                }
                testID="table-cell-text"
              >
                12
              </Text>
            </View>
            <View
              style={
                Array [
                  Object {
                    "backgroundColor": "#3C3547",
                    "borderColor": "#000000",
                    "borderWidth": 1,
                    "height": 60,
                    "justifyContent": "center",
                  },
                  Object {
                    "backgroundColor": "#746C84",
                    "width": 112.5,
                  },
                ]
              }
            >
              <Text
                style={
                  Object {
                    "color": "#FFFFFF",
                    "fontSize": 16,
                    "marginLeft": 10,
                  }
                }
                testID="table-cell-text"
              >
                13:00
              </Text>
            </View>
            <View
              style={
                Array [
                  Object {
                    "backgroundColor": "#3C3547",
                    "borderColor": "#000000",
                    "borderWidth": 1,
                    "height": 60,
                    "justifyContent": "center",
                  },
                  Object {
                    "backgroundColor": "#746C84",
                    "width": 112.5,
                  },
                ]
              }
            >
              <Text
                style={
                  Object {
                    "color": "#FFFFFF",
                    "fontSize": 16,
                    "marginLeft": 10,
                  }
                }
                testID="table-cell-text"
              >
                16:00
              </Text>
            </View>
            <View
              style={
                Array [
                  Object {
                    "backgroundColor": "#3C3547",
                    "borderColor": "#000000",
                    "borderWidth": 1,
                    "height": 60,
                    "justifyContent": "center",
                  },
                  Object {
                    "backgroundColor": "#746C84",
                    "width": 112.5,
                  },
                ]
              }
            >
              <Text
                style={
                  Object {
                    "color": "#FFFFFF",
                    "fontSize": 16,
                    "marginLeft": 10,
                  }
                }
                testID="table-cell-text"
              >
                4
              </Text>
            </View>
            <View
              style={
                Array [
                  Object {
                    "backgroundColor": "#3C3547",
                    "borderColor": "#000000",
                    "borderWidth": 1,
                    "height": 60,
                    "justifyContent": "center",
                  },
                  Object {
                    "backgroundColor": "#746C84",
                    "width": 112.5,
                  },
                ]
              }
            >
              <Text
                style={
                  Object {
                    "color": "#FFFFFF",
                    "fontSize": 16,
                    "marginLeft": 10,
                  }
                }
                testID="table-cell-text"
              >
                0
              </Text>
            </View>
            <View
              style={
                Array [
                  Object {
                    "backgroundColor": "#3C3547",
                    "borderColor": "#000000",
                    "borderWidth": 1,
                    "height": 60,
                    "justifyContent": "center",
                  },
                  Object {
                    "backgroundColor": "#746C84",
                    "width": 112.5,
                  },
                ]
              }
            >
              <Text
                style={
                  Object {
                    "color": "#FFFFFF",
                    "fontSize": 16,
                    "marginLeft": 10,
                  }
                }
                testID="table-cell-text"
              >
                2
              </Text>
            </View>
          </View>
        </View>
        <View
          accessible={true}
          focusable={true}
          onClick={[Function]}
          onResponderGrant={[Function]}
          onResponderMove={[Function]}
          onResponderRelease={[Function]}
          onResponderTerminate={[Function]}
          onResponderTerminationRequest={[Function]}
          onStartShouldSetResponder={[Function]}
          testID="preaching-table-row"
        >
          <View
            style={
              Object {
                "alignItems": "center",
                "flexDirection": "row",
                "width": "100%",
              }
            }
          >
            <View
              style={
                Array [
                  Object {
                    "backgroundColor": "#3C3547",
                    "borderColor": "#000000",
                    "borderWidth": 1,
                    "height": 60,
                    "justifyContent": "center",
                  },
                  Object {
                    "backgroundColor": "#746C84",
                    "width": 112.5,
                  },
                ]
              }
            >
              <Text
                style={
                  Object {
                    "color": "#FFFFFF",
                    "fontSize": 16,
                    "marginLeft": 10,
                  }
                }
                testID="table-cell-text"
              >
                12
              </Text>
            </View>
            <View
              style={
                Array [
                  Object {
                    "backgroundColor": "#3C3547",
                    "borderColor": "#000000",
                    "borderWidth": 1,
                    "height": 60,
                    "justifyContent": "center",
                  },
                  Object {
                    "backgroundColor": "#746C84",
                    "width": 112.5,
                  },
                ]
              }
            >
              <Text
                style={
                  Object {
                    "color": "#FFFFFF",
                    "fontSize": 16,
                    "marginLeft": 10,
                  }
                }
                testID="table-cell-text"
              >
                13:00
              </Text>
            </View>
            <View
              style={
                Array [
                  Object {
                    "backgroundColor": "#3C3547",
                    "borderColor": "#000000",
                    "borderWidth": 1,
                    "height": 60,
                    "justifyContent": "center",
                  },
                  Object {
                    "backgroundColor": "#746C84",
                    "width": 112.5,
                  },
                ]
              }
            >
              <Text
                style={
                  Object {
                    "color": "#FFFFFF",
                    "fontSize": 16,
                    "marginLeft": 10,
                  }
                }
                testID="table-cell-text"
              >
                16:00
              </Text>
            </View>
            <View
              style={
                Array [
                  Object {
                    "backgroundColor": "#3C3547",
                    "borderColor": "#000000",
                    "borderWidth": 1,
                    "height": 60,
                    "justifyContent": "center",
                  },
                  Object {
                    "backgroundColor": "#746C84",
                    "width": 112.5,
                  },
                ]
              }
            >
              <Text
                style={
                  Object {
                    "color": "#FFFFFF",
                    "fontSize": 16,
                    "marginLeft": 10,
                  }
                }
                testID="table-cell-text"
              >
                4
              </Text>
            </View>
            <View
              style={
                Array [
                  Object {
                    "backgroundColor": "#3C3547",
                    "borderColor": "#000000",
                    "borderWidth": 1,
                    "height": 60,
                    "justifyContent": "center",
                  },
                  Object {
                    "backgroundColor": "#746C84",
                    "width": 112.5,
                  },
                ]
              }
            >
              <Text
                style={
                  Object {
                    "color": "#FFFFFF",
                    "fontSize": 16,
                    "marginLeft": 10,
                  }
                }
                testID="table-cell-text"
              >
                0
              </Text>
            </View>
            <View
              style={
                Array [
                  Object {
                    "backgroundColor": "#3C3547",
                    "borderColor": "#000000",
                    "borderWidth": 1,
                    "height": 60,
                    "justifyContent": "center",
                  },
                  Object {
                    "backgroundColor": "#746C84",
                    "width": 112.5,
                  },
                ]
              }
            >
              <Text
                style={
                  Object {
                    "color": "#FFFFFF",
                    "fontSize": 16,
                    "marginLeft": 10,
                  }
                }
                testID="table-cell-text"
              >
                2
              </Text>
            </View>
          </View>
        </View>
        <View
          accessible={true}
          focusable={true}
          onClick={[Function]}
          onResponderGrant={[Function]}
          onResponderMove={[Function]}
          onResponderRelease={[Function]}
          onResponderTerminate={[Function]}
          onResponderTerminationRequest={[Function]}
          onStartShouldSetResponder={[Function]}
          testID="preaching-table-row"
        >
          <View
            style={
              Object {
                "alignItems": "center",
                "flexDirection": "row",
                "width": "100%",
              }
            }
          >
            <View
              style={
                Array [
                  Object {
                    "backgroundColor": "#3C3547",
                    "borderColor": "#000000",
                    "borderWidth": 1,
                    "height": 60,
                    "justifyContent": "center",
                  },
                  Object {
                    "backgroundColor": "#746C84",
                    "width": 112.5,
                  },
                ]
              }
            >
              <Text
                style={
                  Object {
                    "color": "#FFFFFF",
                    "fontSize": 16,
                    "marginLeft": 10,
                  }
                }
                testID="table-cell-text"
              >
                12
              </Text>
            </View>
            <View
              style={
                Array [
                  Object {
                    "backgroundColor": "#3C3547",
                    "borderColor": "#000000",
                    "borderWidth": 1,
                    "height": 60,
                    "justifyContent": "center",
                  },
                  Object {
                    "backgroundColor": "#746C84",
                    "width": 112.5,
                  },
                ]
              }
            >
              <Text
                style={
                  Object {
                    "color": "#FFFFFF",
                    "fontSize": 16,
                    "marginLeft": 10,
                  }
                }
                testID="table-cell-text"
              >
                13:00
              </Text>
            </View>
            <View
              style={
                Array [
                  Object {
                    "backgroundColor": "#3C3547",
                    "borderColor": "#000000",
                    "borderWidth": 1,
                    "height": 60,
                    "justifyContent": "center",
                  },
                  Object {
                    "backgroundColor": "#746C84",
                    "width": 112.5,
                  },
                ]
              }
            >
              <Text
                style={
                  Object {
                    "color": "#FFFFFF",
                    "fontSize": 16,
                    "marginLeft": 10,
                  }
                }
                testID="table-cell-text"
              >
                16:00
              </Text>
            </View>
            <View
              style={
                Array [
                  Object {
                    "backgroundColor": "#3C3547",
                    "borderColor": "#000000",
                    "borderWidth": 1,
                    "height": 60,
                    "justifyContent": "center",
                  },
                  Object {
                    "backgroundColor": "#746C84",
                    "width": 112.5,
                  },
                ]
              }
            >
              <Text
                style={
                  Object {
                    "color": "#FFFFFF",
                    "fontSize": 16,
                    "marginLeft": 10,
                  }
                }
                testID="table-cell-text"
              >
                4
              </Text>
            </View>
            <View
              style={
                Array [
                  Object {
                    "backgroundColor": "#3C3547",
                    "borderColor": "#000000",
                    "borderWidth": 1,
                    "height": 60,
                    "justifyContent": "center",
                  },
                  Object {
                    "backgroundColor": "#746C84",
                    "width": 112.5,
                  },
                ]
              }
            >
              <Text
                style={
                  Object {
                    "color": "#FFFFFF",
                    "fontSize": 16,
                    "marginLeft": 10,
                  }
                }
                testID="table-cell-text"
              >
                0
              </Text>
            </View>
            <View
              style={
                Array [
                  Object {
                    "backgroundColor": "#3C3547",
                    "borderColor": "#000000",
                    "borderWidth": 1,
                    "height": 60,
                    "justifyContent": "center",
                  },
                  Object {
                    "backgroundColor": "#746C84",
                    "width": 112.5,
                  },
                ]
              }
            >
              <Text
                style={
                  Object {
                    "color": "#FFFFFF",
                    "fontSize": 16,
                    "marginLeft": 10,
                  }
                }
                testID="table-cell-text"
              >
                2
              </Text>
            </View>
          </View>
        </View>
        <View
          accessible={true}
          focusable={true}
          onClick={[Function]}
          onResponderGrant={[Function]}
          onResponderMove={[Function]}
          onResponderRelease={[Function]}
          onResponderTerminate={[Function]}
          onResponderTerminationRequest={[Function]}
          onStartShouldSetResponder={[Function]}
          testID="preaching-table-row"
        >
          <View
            style={
              Object {
                "alignItems": "center",
                "flexDirection": "row",
                "width": "100%",
              }
            }
          >
            <View
              style={
                Array [
                  Object {
                    "backgroundColor": "#3C3547",
                    "borderColor": "#000000",
                    "borderWidth": 1,
                    "height": 60,
                    "justifyContent": "center",
                  },
                  Object {
                    "backgroundColor": "#746C84",
                    "width": 112.5,
                  },
                ]
              }
            >
              <Text
                style={
                  Object {
                    "color": "#FFFFFF",
                    "fontSize": 16,
                    "marginLeft": 10,
                  }
                }
                testID="table-cell-text"
              >
                12
              </Text>
            </View>
            <View
              style={
                Array [
                  Object {
                    "backgroundColor": "#3C3547",
                    "borderColor": "#000000",
                    "borderWidth": 1,
                    "height": 60,
                    "justifyContent": "center",
                  },
                  Object {
                    "backgroundColor": "#746C84",
                    "width": 112.5,
                  },
                ]
              }
            >
              <Text
                style={
                  Object {
                    "color": "#FFFFFF",
                    "fontSize": 16,
                    "marginLeft": 10,
                  }
                }
                testID="table-cell-text"
              >
                13:00
              </Text>
            </View>
            <View
              style={
                Array [
                  Object {
                    "backgroundColor": "#3C3547",
                    "borderColor": "#000000",
                    "borderWidth": 1,
                    "height": 60,
                    "justifyContent": "center",
                  },
                  Object {
                    "backgroundColor": "#746C84",
                    "width": 112.5,
                  },
                ]
              }
            >
              <Text
                style={
                  Object {
                    "color": "#FFFFFF",
                    "fontSize": 16,
                    "marginLeft": 10,
                  }
                }
                testID="table-cell-text"
              >
                16:00
              </Text>
            </View>
            <View
              style={
                Array [
                  Object {
                    "backgroundColor": "#3C3547",
                    "borderColor": "#000000",
                    "borderWidth": 1,
                    "height": 60,
                    "justifyContent": "center",
                  },
                  Object {
                    "backgroundColor": "#746C84",
                    "width": 112.5,
                  },
                ]
              }
            >
              <Text
                style={
                  Object {
                    "color": "#FFFFFF",
                    "fontSize": 16,
                    "marginLeft": 10,
                  }
                }
                testID="table-cell-text"
              >
                4
              </Text>
            </View>
            <View
              style={
                Array [
                  Object {
                    "backgroundColor": "#3C3547",
                    "borderColor": "#000000",
                    "borderWidth": 1,
                    "height": 60,
                    "justifyContent": "center",
                  },
                  Object {
                    "backgroundColor": "#746C84",
                    "width": 112.5,
                  },
                ]
              }
            >
              <Text
                style={
                  Object {
                    "color": "#FFFFFF",
                    "fontSize": 16,
                    "marginLeft": 10,
                  }
                }
                testID="table-cell-text"
              >
                0
              </Text>
            </View>
            <View
              style={
                Array [
                  Object {
                    "backgroundColor": "#3C3547",
                    "borderColor": "#000000",
                    "borderWidth": 1,
                    "height": 60,
                    "justifyContent": "center",
                  },
                  Object {
                    "backgroundColor": "#746C84",
                    "width": 112.5,
                  },
                ]
              }
            >
              <Text
                style={
                  Object {
                    "color": "#FFFFFF",
                    "fontSize": 16,
                    "marginLeft": 10,
                  }
                }
                testID="table-cell-text"
              >
                2
              </Text>
            </View>
          </View>
        </View>
        <View
          accessible={true}
          focusable={true}
          onClick={[Function]}
          onResponderGrant={[Function]}
          onResponderMove={[Function]}
          onResponderRelease={[Function]}
          onResponderTerminate={[Function]}
          onResponderTerminationRequest={[Function]}
          onStartShouldSetResponder={[Function]}
          testID="preaching-table-row"
        >
          <View
            style={
              Object {
                "alignItems": "center",
                "flexDirection": "row",
                "width": "100%",
              }
            }
          >
            <View
              style={
                Array [
                  Object {
                    "backgroundColor": "#3C3547",
                    "borderColor": "#000000",
                    "borderWidth": 1,
                    "height": 60,
                    "justifyContent": "center",
                  },
                  Object {
                    "backgroundColor": "#746C84",
                    "width": 112.5,
                  },
                ]
              }
            >
              <Text
                style={
                  Object {
                    "color": "#FFFFFF",
                    "fontSize": 16,
                    "marginLeft": 10,
                  }
                }
                testID="table-cell-text"
              >
                12
              </Text>
            </View>
            <View
              style={
                Array [
                  Object {
                    "backgroundColor": "#3C3547",
                    "borderColor": "#000000",
                    "borderWidth": 1,
                    "height": 60,
                    "justifyContent": "center",
                  },
                  Object {
                    "backgroundColor": "#746C84",
                    "width": 112.5,
                  },
                ]
              }
            >
              <Text
                style={
                  Object {
                    "color": "#FFFFFF",
                    "fontSize": 16,
                    "marginLeft": 10,
                  }
                }
                testID="table-cell-text"
              >
                13:00
              </Text>
            </View>
            <View
              style={
                Array [
                  Object {
                    "backgroundColor": "#3C3547",
                    "borderColor": "#000000",
                    "borderWidth": 1,
                    "height": 60,
                    "justifyContent": "center",
                  },
                  Object {
                    "backgroundColor": "#746C84",
                    "width": 112.5,
                  },
                ]
              }
            >
              <Text
                style={
                  Object {
                    "color": "#FFFFFF",
                    "fontSize": 16,
                    "marginLeft": 10,
                  }
                }
                testID="table-cell-text"
              >
                16:00
              </Text>
            </View>
            <View
              style={
                Array [
                  Object {
                    "backgroundColor": "#3C3547",
                    "borderColor": "#000000",
                    "borderWidth": 1,
                    "height": 60,
                    "justifyContent": "center",
                  },
                  Object {
                    "backgroundColor": "#746C84",
                    "width": 112.5,
                  },
                ]
              }
            >
              <Text
                style={
                  Object {
                    "color": "#FFFFFF",
                    "fontSize": 16,
                    "marginLeft": 10,
                  }
                }
                testID="table-cell-text"
              >
                4
              </Text>
            </View>
            <View
              style={
                Array [
                  Object {
                    "backgroundColor": "#3C3547",
                    "borderColor": "#000000",
                    "borderWidth": 1,
                    "height": 60,
                    "justifyContent": "center",
                  },
                  Object {
                    "backgroundColor": "#746C84",
                    "width": 112.5,
                  },
                ]
              }
            >
              <Text
                style={
                  Object {
                    "color": "#FFFFFF",
                    "fontSize": 16,
                    "marginLeft": 10,
                  }
                }
                testID="table-cell-text"
              >
                0
              </Text>
            </View>
            <View
              style={
                Array [
                  Object {
                    "backgroundColor": "#3C3547",
                    "borderColor": "#000000",
                    "borderWidth": 1,
                    "height": 60,
                    "justifyContent": "center",
                  },
                  Object {
                    "backgroundColor": "#746C84",
                    "width": 112.5,
                  },
                ]
              }
            >
              <Text
                style={
                  Object {
                    "color": "#FFFFFF",
                    "fontSize": 16,
                    "marginLeft": 10,
                  }
                }
                testID="table-cell-text"
              >
                2
              </Text>
            </View>
          </View>
        </View>
        <View
          style={
            Object {
              "alignItems": "center",
              "flexDirection": "row",
              "width": "100%",
            }
          }
        >
          <View
            style={
              Array [
                Object {
                  "backgroundColor": "#3C3547",
                  "borderColor": "#000000",
                  "borderWidth": 1,
                  "height": 60,
                  "justifyContent": "center",
                },
                Object {
                  "backgroundColor": "#544C63",
                  "width": 112.5,
                },
              ]
            }
          >
            <Text
              style={
                Object {
                  "color": "#FFFFFF",
                  "fontSize": 16,
                  "marginLeft": 10,
                }
              }
              testID="table-cell-text"
            >
              Total
            </Text>
          </View>
          <View
            style={
              Array [
                Object {
                  "backgroundColor": "#3C3547",
                  "borderColor": "#000000",
                  "borderWidth": 1,
                  "height": 60,
                  "justifyContent": "center",
                },
                Object {
                  "backgroundColor": "#544C63",
                  "width": 225,
                },
              ]
            }
          >
            <Text
              style={
                Object {
                  "color": "#FFFFFF",
                  "fontSize": 16,
                  "marginLeft": 10,
                }
              }
              testID="table-cell-text"
            >
              33H
            </Text>
          </View>
          <View
            style={
              Array [
                Object {
                  "backgroundColor": "#3C3547",
                  "borderColor": "#000000",
                  "borderWidth": 1,
                  "height": 60,
                  "justifyContent": "center",
                },
                Object {
                  "backgroundColor": "#544C63",
                  "width": 112.5,
                },
              ]
            }
          >
            <Text
              style={
                Object {
                  "color": "#FFFFFF",
                  "fontSize": 16,
                  "marginLeft": 10,
                }
              }
              testID="table-cell-text"
            >
              44
            </Text>
          </View>
          <View
            style={
              Array [
                Object {
                  "backgroundColor": "#3C3547",
                  "borderColor": "#000000",
                  "borderWidth": 1,
                  "height": 60,
                  "justifyContent": "center",
                },
                Object {
                  "backgroundColor": "#544C63",
                  "width": 112.5,
                },
              ]
            }
          >
            <Text
              style={
                Object {
                  "color": "#FFFFFF",
                  "fontSize": 16,
                  "marginLeft": 10,
                }
              }
              testID="table-cell-text"
            >
              0
            </Text>
          </View>
          <View
            style={
              Array [
                Object {
                  "backgroundColor": "#3C3547",
                  "borderColor": "#000000",
                  "borderWidth": 1,
                  "height": 60,
                  "justifyContent": "center",
                },
                Object {
                  "backgroundColor": "#544C63",
                  "width": 112.5,
                },
              ]
            }
          >
            <Text
              style={
                Object {
                  "color": "#FFFFFF",
                  "fontSize": 16,
                  "marginLeft": 10,
                }
              }
              testID="table-cell-text"
            >
              22
            </Text>
          </View>
        </View>
      </View>
    </View>
  </RCTScrollView>,
  <View
    accessibilityState={
      Object {
        "disabled": false,
      }
    }
    accessible={true}
    collapsable={false}
    focusable={true}
    onBlur={[Function]}
    onClick={[Function]}
    onFocus={[Function]}
    onResponderGrant={[Function]}
    onResponderMove={[Function]}
    onResponderRelease={[Function]}
    onResponderTerminate={[Function]}
    onResponderTerminationRequest={[Function]}
    onStartShouldSetResponder={[Function]}
    style={
      Array [
        Object {
          "overflow": "hidden",
        },
        false,
        Array [
          Object {
            "alignItems": "center",
            "backgroundColor": "#C0A7E1",
            "borderRadius": 50,
            "height": 42,
            "justifyContent": "center",
            "margin": 5,
            "width": 42,
          },
          Object {
            "bottom": 5,
            "height": 60,
            "position": "absolute",
            "right": 80,
            "width": 60,
          },
        ],
      ]
    }
    testID="fab-touchable"
  >
    <Text
      allowFontScaling={false}
      selectable={false}
      style={
        Array [
          Object {
            "color": "#121212",
            "fontSize": 40,
          },
          undefined,
          Object {
            "fontFamily": "Ionicons",
            "fontStyle": "normal",
            "fontWeight": "normal",
          },
          Object {},
        ]
      }
    >
      
    </Text>
  </View>,
  <View
    accessibilityState={
      Object {
        "disabled": false,
      }
    }
    accessible={true}
    collapsable={false}
    focusable={true}
    onBlur={[Function]}
    onClick={[Function]}
    onFocus={[Function]}
    onResponderGrant={[Function]}
    onResponderMove={[Function]}
    onResponderRelease={[Function]}
    onResponderTerminate={[Function]}
    onResponderTerminationRequest={[Function]}
    onStartShouldSetResponder={[Function]}
    style={
      Array [
        Object {
          "overflow": "hidden",
        },
        false,
        Array [
          Object {
            "alignItems": "center",
            "backgroundColor": "#C0A7E1",
            "borderRadius": 50,
            "height": 42,
            "justifyContent": "center",
            "margin": 5,
            "width": 42,
          },
          Object {
            "bottom": 5,
            "height": 60,
            "position": "absolute",
            "right": 10,
            "width": 60,
          },
        ],
      ]
    }
    testID="fab-touchable"
  >
    <Text
      allowFontScaling={false}
      selectable={false}
      style={
        Array [
          Object {
            "color": "#121212",
            "fontSize": 40,
          },
          Object {
            "marginLeft": 3,
          },
          Object {
            "fontFamily": "Ionicons",
            "fontStyle": "normal",
            "fontWeight": "normal",
          },
          Object {},
        ]
      }
    >
      
    </Text>
  </View>,
  <Modal
    animationType="fade"
    hardwareAccelerated={false}
    statusBarTranslucent={true}
    transparent={true}
    visible={false}
  />,
]
`;
