// Jest Snapshot v1, https://goo.gl/fbAQLP

exports[`Test in <DatetimeField /> component should to match snapshot 1`] = `
<View
  style={
    Object {
      "display": "flex",
      "padding": 10,
      "width": 675,
    }
  }
>
  <Text
    style={
      Array [
        Object {
          "color": "#FFFFFF",
          "fontSize": 18,
          "marginBottom": 5,
          "padding": 5,
        },
        undefined,
      ]
    }
    testID="datetimefield-label"
  >
    Día de predicación:
  </Text>
  <View
    style={
      Object {
        "alignItems": "center",
        "flexDirection": "row",
        "width": "100%",
      }
    }
  >
    <View
      style={
        Array [
          Object {
            "alignItems": "center",
            "borderColor": "#FFFFFF",
            "borderRadius": 5,
            "borderWidth": 0.5,
            "flex": 1,
            "flexDirection": "row",
          },
          undefined,
        ]
      }
    >
      <TextInput
        autoCorrect={false}
        editable={false}
        modalTitle="Día de predicación"
        placeholder="Seleccione el día"
        placeholderTextColor="#BFBFBF"
        selectionColor="#A0B9E2"
        style={
          Array [
            Object {
              "color": "#FFFFFF",
              "fontSize": 17,
              "paddingLeft": 10,
            },
            undefined,
          ]
        }
        value="19"
      />
    </View>
    <View
      accessibilityState={
        Object {
          "disabled": false,
        }
      }
      accessible={true}
      collapsable={false}
      focusable={true}
      onBlur={[Function]}
      onClick={[Function]}
      onFocus={[Function]}
      onResponderGrant={[Function]}
      onResponderMove={[Function]}
      onResponderRelease={[Function]}
      onResponderTerminate={[Function]}
      onResponderTerminationRequest={[Function]}
      onStartShouldSetResponder={[Function]}
      style={
        Array [
          Object {
            "overflow": "hidden",
          },
          false,
          Array [
            Object {
              "backgroundColor": "#C0A7E1",
              "borderRadius": 10,
            },
            Object {
              "marginLeft": 10,
            },
          ],
        ]
      }
      testID="button-touchable"
    >
      <View
        style={
          Array [
            Object {
              "alignItems": "center",
              "flexDirection": "row",
              "justifyContent": "center",
              "paddingHorizontal": 20,
              "paddingVertical": 8,
            },
            Object {
              "paddingHorizontal": 10,
            },
          ]
        }
      >
        <Text
          style={
            Array [
              Object {
                "textAlign": "left",
              },
              Object {
                "color": "rgba(28, 27, 31, 1)",
                "fontFamily": "System",
                "fontWeight": "400",
                "letterSpacing": 0,
              },
              Object {
                "writingDirection": "ltr",
              },
              Array [
                Object {
                  "color": "#121212",
                  "fontSize": 18,
                  "fontWeight": "bold",
                  "marginBottom": 2,
                  "textAlign": "center",
                },
                undefined,
              ],
            ]
          }
          testID="button-text"
        />
        <Text
          allowFontScaling={false}
          selectable={false}
          style={
            Array [
              Object {
                "color": "#121212",
                "fontSize": 25,
              },
              undefined,
              Object {
                "fontFamily": "Ionicons",
                "fontStyle": "normal",
                "fontWeight": "normal",
              },
              Object {},
            ]
          }
        >
          
        </Text>
      </View>
    </View>
  </View>
  <Modal
    animationType="none"
    hardwareAccelerated={false}
    isVisible={false}
    onHide={[Function]}
    transparent={true}
    visible={false}
  />
</View>
`;
