// Jest Snapshot v1, https://goo.gl/fbAQLP

exports[`Test in <ListEmptyComponent /> component should to match snapshot 1`] = `
<View
  style={
    [
      {
        "padding": 10,
      },
      {
        "marginTop": 266.8,
      },
    ]
  }
>
  <Text
    style={
      [
        {
          "color": "#BFBFBF",
          "fontSize": 17,
          "textAlign": "center",
        },
        undefined,
      ]
    }
    testID="info-text-text"
  >
    Empty message test
  </Text>
</View>
`;
