// Jest Snapshot v1, https://goo.gl/fbAQLP

exports[`Test in <SearchInput /> component should to match snapshot 1`] = `
<View
  style={
    {
      "alignItems": "center",
      "flexDirection": "row",
      "marginBottom": 30,
      "paddingHorizontal": 30,
      "width": "100%",
    }
  }
>
  <Text
    allowFontScaling={false}
    selectable={false}
    style={
      [
        {
          "color": "#BFBFBF",
          "fontSize": 25,
        },
        undefined,
        {
          "fontFamily": "Ionicons",
          "fontStyle": "normal",
          "fontWeight": "normal",
        },
        {},
      ]
    }
  >
    
  </Text>
  <View
    style={
      {
        "alignItems": "center",
        "borderBottomWidth": 1,
        "borderColor": "#BFBFBF",
        "flex": 1,
        "flexDirection": "row",
      }
    }
    testID="search-input-text-input-container"
  >
    <TextInput
      autoCorrect={false}
      cursorColor="#C0A7E1"
      onBlur={[Function]}
      onChangeText={[Function]}
      onFocus={[Function]}
      onSubmitEditing={[Function]}
      placeholder="Buscar"
      placeholderTextColor="#BFBFBF"
      returnKeyType="search"
      style={
        {
          "color": "#FFFFFF",
          "flex": 1,
          "fontSize": 17,
          "paddingLeft": 10,
        }
      }
      testID="search-input-text-input"
      value=""
    />
    <View
      accessibilityState={
        {
          "busy": undefined,
          "checked": undefined,
          "disabled": true,
          "expanded": undefined,
          "selected": undefined,
        }
      }
      accessibilityValue={
        {
          "max": undefined,
          "min": undefined,
          "now": undefined,
          "text": undefined,
        }
      }
      accessible={true}
      centered={true}
      collapsable={false}
      focusable={true}
      onBlur={[Function]}
      onClick={[Function]}
      onFocus={[Function]}
      onResponderGrant={[Function]}
      onResponderMove={[Function]}
      onResponderRelease={[Function]}
      onResponderTerminate={[Function]}
      onResponderTerminationRequest={[Function]}
      onStartShouldSetResponder={[Function]}
      style={
        [
          {
            "overflow": "hidden",
          },
          false,
          {
            "alignItems": "center",
            "borderRadius": 999,
            "height": 40,
            "justifyContent": "center",
            "width": 40,
          },
        ]
      }
      testID="search-input-clear-btn"
    >
      <Text
        allowFontScaling={false}
        selectable={false}
        style={
          [
            {
              "color": "transparent",
              "fontSize": 30,
            },
            undefined,
            {
              "fontFamily": "Ionicons",
              "fontStyle": "normal",
              "fontWeight": "normal",
            },
            {},
          ]
        }
      >
        
      </Text>
    </View>
  </View>
</View>
`;
