// Jest Snapshot v1, https://goo.gl/fbAQLP

exports[`Test in <SectionContent /> component should to match the snapshot 1`] = `
<View
  style={
    [
      {
        "borderBottomColor": "#292929",
        "borderBottomWidth": 1,
        "paddingTop": 24,
      },
      undefined,
    ]
  }
>
  <View
    style={
      [
        {
          "padding": 16,
        },
        {
          "padding": 16,
          "paddingTop": 0,
        },
      ]
    }
  >
    <Text
      style={
        [
          {
            "color": "#BFBFBF",
            "fontSize": 17,
            "textAlign": "center",
          },
          {
            "color": "#93A8AB",
            "fontSize": 15,
            "fontWeight": "bold",
            "textAlign": "left",
          },
        ]
      }
      testID="info-text-text"
    >
      Title test
    </Text>
  </View>
</View>
`;
