// Jest Snapshot v1, https://goo.gl/fbAQLP

exports[`Test in <TableCell /> component should to match snapshot 1`] = `
<View
  style={
    Array [
      Object {
        "backgroundColor": "#3C3547",
        "borderColor": "#000000",
        "borderWidth": 1,
        "height": 60,
        "justifyContent": "center",
      },
      undefined,
    ]
  }
>
  <Text
    style={
      Object {
        "color": "#FFFFFF",
        "fontSize": 16,
        "marginLeft": 10,
      }
    }
    testID="table-cell-text"
  >
    Cell
  </Text>
</View>
`;
